Archive member included to satisfy reference by file (symbol)

c:/.platformio/packages/toolchain-gccarmnoneeabi/bin/../lib/gcc/arm-none-eabi/9.2.1/../../../../arm-none-eabi/lib/thumb/v7-m/nofp\libc.a(lib_a-exit.o)
                              c:/.platformio/packages/toolchain-gccarmnoneeabi/bin/../lib/gcc/arm-none-eabi/9.2.1/../../../../arm-none-eabi/lib/thumb/v7-m/nofp/crt0.o (exit)
c:/.platformio/packages/toolchain-gccarmnoneeabi/bin/../lib/gcc/arm-none-eabi/9.2.1/../../../../arm-none-eabi/lib/thumb/v7-m/nofp\libc.a(lib_a-impure.o)
                              c:/.platformio/packages/toolchain-gccarmnoneeabi/bin/../lib/gcc/arm-none-eabi/9.2.1/../../../../arm-none-eabi/lib/thumb/v7-m/nofp\libc.a(lib_a-exit.o) (_global_impure_ptr)
c:/.platformio/packages/toolchain-gccarmnoneeabi/bin/../lib/gcc/arm-none-eabi/9.2.1/../../../../arm-none-eabi/lib/thumb/v7-m/nofp\libc.a(lib_a-init.o)
                              c:/.platformio/packages/toolchain-gccarmnoneeabi/bin/../lib/gcc/arm-none-eabi/9.2.1/../../../../arm-none-eabi/lib/thumb/v7-m/nofp/crt0.o (__libc_init_array)
c:/.platformio/packages/toolchain-gccarmnoneeabi/bin/../lib/gcc/arm-none-eabi/9.2.1/../../../../arm-none-eabi/lib/thumb/v7-m/nofp\libc.a(lib_a-memcpy.o)
                              .pio\build\genericSTM32F103RC\src\Middlewares\Third_Party\RealThread_RTOS_RT-Thread\components\finsh\cmd.o (memcpy)
c:/.platformio/packages/toolchain-gccarmnoneeabi/bin/../lib/gcc/arm-none-eabi/9.2.1/../../../../arm-none-eabi/lib/thumb/v7-m/nofp\libc.a(lib_a-memset.o)
                              c:/.platformio/packages/toolchain-gccarmnoneeabi/bin/../lib/gcc/arm-none-eabi/9.2.1/../../../../arm-none-eabi/lib/thumb/v7-m/nofp/crt0.o (memset)
c:/.platformio/packages/toolchain-gccarmnoneeabi/bin/../lib/gcc/arm-none-eabi/9.2.1/../../../../arm-none-eabi/lib/thumb/v7-m/nofp\libc.a(lib_a-strlen-stub.o)
                              .pio\build\genericSTM32F103RC\src\Middlewares\Third_Party\RealThread_RTOS_RT-Thread\components\finsh\msh.o (strlen)
c:/.platformio/packages/toolchain-gccarmnoneeabi/bin/../lib/gcc/arm-none-eabi/9.2.1/../../../../arm-none-eabi/lib/thumb/v7-m/nofp\libc.a(lib_a-strncmp.o)
                              .pio\build\genericSTM32F103RC\src\Middlewares\Third_Party\RealThread_RTOS_RT-Thread\components\finsh\cmd.o (strncmp)
c:/.platformio/packages/toolchain-gccarmnoneeabi/bin/../lib/gcc/arm-none-eabi/9.2.1/../../../../arm-none-eabi/lib/thumb/v7-m/nofp\libc.a(lib_a-strncpy.o)
                              .pio\build\genericSTM32F103RC\src\Middlewares\Third_Party\RealThread_RTOS_RT-Thread\components\finsh\shell.o (strncpy)
c:/.platformio/packages/toolchain-gccarmnoneeabi/bin/../lib/gcc/arm-none-eabi/9.2.1/../../../../arm-none-eabi/lib/thumb/v7-m/nofp\libc.a(lib_a-__call_atexit.o)
                              c:/.platformio/packages/toolchain-gccarmnoneeabi/bin/../lib/gcc/arm-none-eabi/9.2.1/../../../../arm-none-eabi/lib/thumb/v7-m/nofp\libc.a(lib_a-exit.o) (__call_exitprocs)
c:/.platformio/packages/toolchain-gccarmnoneeabi/bin/../lib/gcc/arm-none-eabi/9.2.1/../../../../arm-none-eabi/lib/thumb/v7-m/nofp\libc.a(lib_a-atexit.o)
                              c:/.platformio/packages/toolchain-gccarmnoneeabi/bin/../lib/gcc/arm-none-eabi/9.2.1/../../../../arm-none-eabi/lib/thumb/v7-m/nofp\libc.a(lib_a-__call_atexit.o) (atexit)
c:/.platformio/packages/toolchain-gccarmnoneeabi/bin/../lib/gcc/arm-none-eabi/9.2.1/../../../../arm-none-eabi/lib/thumb/v7-m/nofp\libc.a(lib_a-fini.o)
                              c:/.platformio/packages/toolchain-gccarmnoneeabi/bin/../lib/gcc/arm-none-eabi/9.2.1/../../../../arm-none-eabi/lib/thumb/v7-m/nofp\libc.a(lib_a-__call_atexit.o) (__libc_fini_array)
c:/.platformio/packages/toolchain-gccarmnoneeabi/bin/../lib/gcc/arm-none-eabi/9.2.1/../../../../arm-none-eabi/lib/thumb/v7-m/nofp\libc.a(lib_a-lock.o)
                              c:/.platformio/packages/toolchain-gccarmnoneeabi/bin/../lib/gcc/arm-none-eabi/9.2.1/../../../../arm-none-eabi/lib/thumb/v7-m/nofp\libc.a(lib_a-__call_atexit.o) (__retarget_lock_acquire_recursive)
c:/.platformio/packages/toolchain-gccarmnoneeabi/bin/../lib/gcc/arm-none-eabi/9.2.1/../../../../arm-none-eabi/lib/thumb/v7-m/nofp\libc.a(lib_a-__atexit.o)
                              c:/.platformio/packages/toolchain-gccarmnoneeabi/bin/../lib/gcc/arm-none-eabi/9.2.1/../../../../arm-none-eabi/lib/thumb/v7-m/nofp\libc.a(lib_a-atexit.o) (__register_exitproc)
c:/.platformio/packages/toolchain-gccarmnoneeabi/bin/../lib/gcc/arm-none-eabi/9.2.1/../../../../arm-none-eabi/lib/thumb/v7-m/nofp\libnosys.a(_exit.o)
                              c:/.platformio/packages/toolchain-gccarmnoneeabi/bin/../lib/gcc/arm-none-eabi/9.2.1/../../../../arm-none-eabi/lib/thumb/v7-m/nofp\libc.a(lib_a-exit.o) (_exit)

Allocating common symbols
Common symbol       size              file

__lock___atexit_recursive_mutex
[...]
Memory Configuration

Name             Origin             Length             Attributes
RAM              0x0000000020000000 0x000000000000c000 xrw
FLASH            0x0000000008000000 0x0000000000040000 xr
*default*        0x0000000000000000 0xffffffffffffffff

Linker script and memory map

LOAD c:/.platformio/packages/toolchain-gccarmnoneeabi/bin/../lib/gcc/arm-none-eabi/9.2.1/thumb/v7-m/nofp/crti.o
LOAD c:/.platformio/packages/toolchain-gccarmnoneeabi/bin/../lib/gcc/arm-none-eabi/9.2.1/thumb/v7-m/nofp/crtbegin.o
LOAD c:/.platformio/packages/toolchain-gccarmnoneeabi/bin/../lib/gcc/arm-none-eabi/9.2.1/../../../../arm-none-eabi/lib/thumb/v7-m/nofp/crt0.o
LOAD .pio\build\genericSTM32F103RC\src\Drivers\STM32F1xx_HAL_Driver\Src\stm32f1xx_hal.o
LOAD .pio\build\genericSTM32F103RC\src\Drivers\STM32F1xx_HAL_Driver\Src\stm32f1xx_hal_cortex.o
LOAD .pio\build\genericSTM32F103RC\src\Drivers\STM32F1xx_HAL_Driver\Src\stm32f1xx_hal_dma.o
LOAD .pio\build\genericSTM32F103RC\src\Drivers\STM32F1xx_HAL_Driver\Src\stm32f1xx_hal_exti.o
LOAD .pio\build\genericSTM32F103RC\src\Drivers\STM32F1xx_HAL_Driver\Src\stm32f1xx_hal_flash.o
LOAD .pio\build\genericSTM32F103RC\src\Drivers\STM32F1xx_HAL_Driver\Src\stm32f1xx_hal_flash_ex.o
LOAD .pio\build\genericSTM32F103RC\src\Drivers\STM32F1xx_HAL_Driver\Src\stm32f1xx_hal_gpio.o
LOAD .pio\build\genericSTM32F103RC\src\Drivers\STM32F1xx_HAL_Driver\Src\stm32f1xx_hal_gpio_ex.o
LOAD .pio\build\genericSTM32F103RC\src\Drivers\STM32F1xx_HAL_Driver\Src\stm32f1xx_hal_pwr.o
LOAD .pio\build\genericSTM32F103RC\src\Drivers\STM32F1xx_HAL_Driver\Src\stm32f1xx_hal_rcc.o
LOAD .pio\build\genericSTM32F103RC\src\Drivers\STM32F1xx_HAL_Driver\Src\stm32f1xx_hal_rcc_ex.o
LOAD .pio\build\genericSTM32F103RC\src\Drivers\STM32F1xx_HAL_Driver\Src\stm32f1xx_hal_tim.o
LOAD .pio\build\genericSTM32F103RC\src\Drivers\STM32F1xx_HAL_Driver\Src\stm32f1xx_hal_tim_ex.o
LOAD .pio\build\genericSTM32F103RC\src\Drivers\STM32F1xx_HAL_Driver\Src\stm32f1xx_hal_uart.o
LOAD .pio\build\genericSTM32F103RC\src\Middlewares\Third_Party\RealThread_RTOS_RT-Thread\bsp\board.o
LOAD .pio\build\genericSTM32F103RC\src\Middlewares\Third_Party\RealThread_RTOS_RT-Thread\components\finsh\cmd.o
LOAD .pio\build\genericSTM32F103RC\src\Middlewares\Third_Party\RealThread_RTOS_RT-Thread\components\finsh\msh.o
LOAD .pio\build\genericSTM32F103RC\src\Middlewares\Third_Party\RealThread_RTOS_RT-Thread\components\finsh\shell.o
LOAD .pio\build\genericSTM32F103RC\src\Middlewares\Third_Party\RealThread_RTOS_RT-Thread\libcpu\arm\cortex-m3\context_gcc.o
LOAD .pio\build\genericSTM32F103RC\src\Middlewares\Third_Party\RealThread_RTOS_RT-Thread\libcpu\arm\cortex-m3\cpuport.o
LOAD .pio\build\genericSTM32F103RC\src\Middlewares\Third_Party\RealThread_RTOS_RT-Thread\src\clock.o
LOAD .pio\build\genericSTM32F103RC\src\Middlewares\Third_Party\RealThread_RTOS_RT-Thread\src\components.o
LOAD .pio\build\genericSTM32F103RC\src\Middlewares\Third_Party\RealThread_RTOS_RT-Thread\src\idle.o
LOAD .pio\build\genericSTM32F103RC\src\Middlewares\Third_Party\RealThread_RTOS_RT-Thread\src\ipc.o
LOAD .pio\build\genericSTM32F103RC\src\Middlewares\Third_Party\RealThread_RTOS_RT-Thread\src\irq.o
LOAD .pio\build\genericSTM32F103RC\src\Middlewares\Third_Party\RealThread_RTOS_RT-Thread\src\kservice.o
LOAD .pio\build\genericSTM32F103RC\src\Middlewares\Third_Party\RealThread_RTOS_RT-Thread\src\mem.o
LOAD .pio\build\genericSTM32F103RC\src\Middlewares\Third_Party\RealThread_RTOS_RT-Thread\src\object.o
LOAD .pio\build\genericSTM32F103RC\src\Middlewares\Third_Party\RealThread_RTOS_RT-Thread\src\scheduler.o
LOAD .pio\build\genericSTM32F103RC\src\Middlewares\Third_Party\RealThread_RTOS_RT-Thread\src\thread.o
LOAD .pio\build\genericSTM32F103RC\src\Middlewares\Third_Party\RealThread_RTOS_RT-Thread\src\timer.o
LOAD .pio\build\genericSTM32F103RC\src\src\main.o
LOAD .pio\build\genericSTM32F103RC\src\src\stm32f1xx_hal_msp.o
LOAD .pio\build\genericSTM32F103RC\src\src\stm32f1xx_it.o
LOAD .pio\build\genericSTM32F103RC\src\src\system_stm32f1xx.o
LOAD .pio\build\genericSTM32F103RC\src\startup_stm32f103xe.o
START GROUP
LOAD c:/.platformio/packages/toolchain-gccarmnoneeabi/bin/../lib/gcc/arm-none-eabi/9.2.1/../../../../arm-none-eabi/lib/thumb/v7-m/nofp\libc.a
LOAD c:/.platformio/packages/toolchain-gccarmnoneeabi/bin/../lib/gcc/arm-none-eabi/9.2.1/thumb/v7-m/nofp\libgcc.a
LOAD c:/.platformio/packages/toolchain-gccarmnoneeabi/bin/../lib/gcc/arm-none-eabi/9.2.1/../../../../arm-none-eabi/lib/thumb/v7-m/nofp\libm.a
LOAD c:/.platformio/packages/toolchain-gccarmnoneeabi/bin/../lib/gcc/arm-none-eabi/9.2.1/../../../../arm-none-eabi/lib/thumb/v7-m/nofp\libstdc++.a
END GROUP
START GROUP
LOAD c:/.platformio/packages/toolchain-gccarmnoneeabi/bin/../lib/gcc/arm-none-eabi/9.2.1/thumb/v7-m/nofp\libgcc.a
LOAD c:/.platformio/packages/toolchain-gccarmnoneeabi/bin/../lib/gcc/arm-none-eabi/9.2.1/../../../../arm-none-eabi/lib/thumb/v7-m/nofp\libc.a
END GROUP
START GROUP
LOAD c:/.platformio/packages/toolchain-gccarmnoneeabi/bin/../lib/gcc/arm-none-eabi/9.2.1/thumb/v7-m/nofp\libgcc.a
LOAD c:/.platformio/packages/toolchain-gccarmnoneeabi/bin/../lib/gcc/arm-none-eabi/9.2.1/../../../../arm-none-eabi/lib/thumb/v7-m/nofp\libc.a
LOAD c:/.platformio/packages/toolchain-gccarmnoneeabi/bin/../lib/gcc/arm-none-eabi/9.2.1/../../../../arm-none-eabi/lib/thumb/v7-m/nofp\libnosys.a
END GROUP
LOAD c:/.platformio/packages/toolchain-gccarmnoneeabi/bin/../lib/gcc/arm-none-eabi/9.2.1/thumb/v7-m/nofp/crtend.o
LOAD c:/.platformio/packages/toolchain-gccarmnoneeabi/bin/../lib/gcc/arm-none-eabi/9.2.1/thumb/v7-m/nofp/crtn.o
                0x000000002000c000                _estack = 0x2000c000
                0x0000000000000200                _Min_Heap_Size = 0x200
                0x0000000000000400                _Min_Stack_Size = 0x400

.isr_vector     0x0000000008000000      0x1e4
                0x0000000008000000                . = ALIGN (0x4)
 *(.isr_vector)
 .isr_vector    0x0000000008000000      0x1e4 .pio\build\genericSTM32F103RC\src\startup_stm32f103xe.o
                0x0000000008000000                g_pfnVectors
                0x00000000080001e4                . = ALIGN (0x4)

.text           0x00000000080001e4     0x5600
                0x00000000080001e4                . = ALIGN (0x4)
 *(.text)
 .text          0x00000000080001e4      0x100 .pio\build\genericSTM32F103RC\src\Middlewares\Third_Party\RealThread_RTOS_RT-Thread\libcpu\arm\cortex-m3\context_gcc.o
                0x00000000080001e4                rt_hw_interrupt_disable
                0x00000000080001ec                rt_hw_interrupt_enable
                0x00000000080001f2                rt_hw_context_switch_interrupt
                0x00000000080001f2                rt_hw_context_switch
                0x0000000008000212                PendSV_Handler
                0x000000000800024e                rt_hw_context_switch_to
                0x000000000800028a                rt_hw_interrupt_thread_switch
                0x000000000800028e                HardFault_Handler
                0x00000000080002c4                rt_hw_interrupt_check
 .text          0x00000000080002e4       0xec c:/.platformio/packages/toolchain-gccarmnoneeabi/bin/../lib/gcc/arm-none-eabi/9.2.1/../../../../arm-none-eabi/lib/thumb/v7-m/nofp\libc.a(lib_a-memcpy.o)
                0x00000000080002e4                memcpy
 *(.text*)
 .text.__do_global_dtors_aux
                0x00000000080003d0       0x24 c:/.platformio/packages/toolchain-gccarmnoneeabi/bin/../lib/gcc/arm-none-eabi/9.2.1/thumb/v7-m/nofp/crtbegin.o
 .text.frame_dummy
                0x00000000080003f4       0x1c c:/.platformio/packages/toolchain-gccarmnoneeabi/bin/../lib/gcc/arm-none-eabi/9.2.1/thumb/v7-m/nofp/crtbegin.o
 .text.HAL_Init
                0x0000000008000410       0x2c .pio\build\genericSTM32F103RC\src\Drivers\STM32F1xx_HAL_Driver\Src\stm32f1xx_hal.o
                0x0000000008000410                HAL_Init
 .text.HAL_InitTick
                0x000000000800043c       0x60 .pio\build\genericSTM32F103RC\src\Drivers\STM32F1xx_HAL_Driver\Src\stm32f1xx_hal.o
                0x000000000800043c                HAL_InitTick
 .text.HAL_GetTick
                0x000000000800049c       0x14 .pio\build\genericSTM32F103RC\src\Drivers\STM32F1xx_HAL_Driver\Src\stm32f1xx_hal.o
                0x000000000800049c                HAL_GetTick
 .text.__NVIC_SetPriorityGrouping
                0x00000000080004b0       0x48 .pio\build\genericSTM32F103RC\src\Drivers\STM32F1xx_HAL_Driver\Src\stm32f1xx_hal_cortex.o
 .text.__NVIC_GetPriorityGrouping
                0x00000000080004f8       0x1c .pio\build\genericSTM32F103RC\src\Drivers\STM32F1xx_HAL_Driver\Src\stm32f1xx_hal_cortex.o
 .text.__NVIC_EnableIRQ
                0x0000000008000514       0x38 .pio\build\genericSTM32F103RC\src\Drivers\STM32F1xx_HAL_Driver\Src\stm32f1xx_hal_cortex.o
 .text.__NVIC_SetPriority
                0x000000000800054c       0x54 .pio\build\genericSTM32F103RC\src\Drivers\STM32F1xx_HAL_Driver\Src\stm32f1xx_hal_cortex.o
 .text.NVIC_EncodePriority
                0x00000000080005a0       0x64 .pio\build\genericSTM32F103RC\src\Drivers\STM32F1xx_HAL_Driver\Src\stm32f1xx_hal_cortex.o
 .text.SysTick_Config
                0x0000000008000604       0x44 .pio\build\genericSTM32F103RC\src\Drivers\STM32F1xx_HAL_Driver\Src\stm32f1xx_hal_cortex.o
 .text.HAL_NVIC_SetPriorityGrouping
                0x0000000008000648       0x16 .pio\build\genericSTM32F103RC\src\Drivers\STM32F1xx_HAL_Driver\Src\stm32f1xx_hal_cortex.o
                0x0000000008000648                HAL_NVIC_SetPriorityGrouping
 .text.HAL_NVIC_SetPriority
                0x000000000800065e       0x38 .pio\build\genericSTM32F103RC\src\Drivers\STM32F1xx_HAL_Driver\Src\stm32f1xx_hal_cortex.o
                0x000000000800065e                HAL_NVIC_SetPriority
 .text.HAL_NVIC_EnableIRQ
                0x0000000008000696       0x1c .pio\build\genericSTM32F103RC\src\Drivers\STM32F1xx_HAL_Driver\Src\stm32f1xx_hal_cortex.o
                0x0000000008000696                HAL_NVIC_EnableIRQ
 .text.HAL_SYSTICK_Config
                0x00000000080006b2       0x18 .pio\build\genericSTM32F103RC\src\Drivers\STM32F1xx_HAL_Driver\Src\stm32f1xx_hal_cortex.o
                0x00000000080006b2                HAL_SYSTICK_Config
 *fill*         0x00000000080006ca        0x2 
 .text.HAL_GPIO_Init
                0x00000000080006cc      0x328 .pio\build\genericSTM32F103RC\src\Drivers\STM32F1xx_HAL_Driver\Src\stm32f1xx_hal_gpio.o
                0x00000000080006cc                HAL_GPIO_Init
 .text.HAL_RCC_OscConfig
                0x00000000080009f4      0x500 .pio\build\genericSTM32F103RC\src\Drivers\STM32F1xx_HAL_Driver\Src\stm32f1xx_hal_rcc.o
                0x00000000080009f4                HAL_RCC_OscConfig
 .text.HAL_RCC_ClockConfig
                0x0000000008000ef4      0x1d4 .pio\build\genericSTM32F103RC\src\Drivers\STM32F1xx_HAL_Driver\Src\stm32f1xx_hal_rcc.o
                0x0000000008000ef4                HAL_RCC_ClockConfig
 .text.HAL_RCC_GetSysClockFreq
                0x00000000080010c8       0xc0 .pio\build\genericSTM32F103RC\src\Drivers\STM32F1xx_HAL_Driver\Src\stm32f1xx_hal_rcc.o
                0x00000000080010c8                HAL_RCC_GetSysClockFreq
 .text.HAL_RCC_GetHCLKFreq
                0x0000000008001188       0x14 .pio\build\genericSTM32F103RC\src\Drivers\STM32F1xx_HAL_Driver\Src\stm32f1xx_hal_rcc.o
                0x0000000008001188                HAL_RCC_GetHCLKFreq
 .text.HAL_RCC_GetPCLK1Freq
                0x000000000800119c       0x28 .pio\build\genericSTM32F103RC\src\Drivers\STM32F1xx_HAL_Driver\Src\stm32f1xx_hal_rcc.o
                0x000000000800119c                HAL_RCC_GetPCLK1Freq
 .text.HAL_RCC_GetPCLK2Freq
                0x00000000080011c4       0x28 .pio\build\genericSTM32F103RC\src\Drivers\STM32F1xx_HAL_Driver\Src\stm32f1xx_hal_rcc.o
                0x00000000080011c4                HAL_RCC_GetPCLK2Freq
 .text.RCC_Delay
                0x00000000080011ec       0x3c .pio\build\genericSTM32F103RC\src\Drivers\STM32F1xx_HAL_Driver\Src\stm32f1xx_hal_rcc.o
 .text.HAL_UART_Init
                0x0000000008001228       0x9a .pio\build\genericSTM32F103RC\src\Drivers\STM32F1xx_HAL_Driver\Src\stm32f1xx_hal_uart.o
                0x0000000008001228                HAL_UART_Init
 .text.HAL_UART_Transmit
                0x00000000080012c2      0x132 .pio\build\genericSTM32F103RC\src\Drivers\STM32F1xx_HAL_Driver\Src\stm32f1xx_hal_uart.o
                0x00000000080012c2                HAL_UART_Transmit
 .text.UART_WaitOnFlagUntilTimeout
                0x00000000080013f4       0x94 .pio\build\genericSTM32F103RC\src\Drivers\STM32F1xx_HAL_Driver\Src\stm32f1xx_hal_uart.o
 .text.UART_SetConfig
                0x0000000008001488      0x1b4 .pio\build\genericSTM32F103RC\src\Drivers\STM32F1xx_HAL_Driver\Src\stm32f1xx_hal_uart.o
 .text._SysTick_Config
                0x000000000800163c       0x4c .pio\build\genericSTM32F103RC\src\Middlewares\Third_Party\RealThread_RTOS_RT-Thread\bsp\board.o
 .text.rt_hw_board_init
                0x0000000008001688       0x78 .pio\build\genericSTM32F103RC\src\Middlewares\Third_Party\RealThread_RTOS_RT-Thread\bsp\board.o
                0x0000000008001688                rt_hw_board_init
 .text.SysTick_Handler
                0x0000000008001700       0x14 .pio\build\genericSTM32F103RC\src\Middlewares\Third_Party\RealThread_RTOS_RT-Thread\bsp\board.o
                0x0000000008001700                SysTick_Handler
 .text.rt_hw_console_output
                0x0000000008001714       0x70 .pio\build\genericSTM32F103RC\src\Middlewares\Third_Party\RealThread_RTOS_RT-Thread\bsp\board.o
                0x0000000008001714                rt_hw_console_output
 .text.rt_hw_console_getchar
                0x0000000008001784       0x28 .pio\build\genericSTM32F103RC\src\Middlewares\Third_Party\RealThread_RTOS_RT-Thread\bsp\board.o
                0x0000000008001784                rt_hw_console_getchar
 .text.rt_list_isempty
                0x00000000080017ac       0x22 .pio\build\genericSTM32F103RC\src\Middlewares\Third_Party\RealThread_RTOS_RT-Thread\components\finsh\cmd.o
 .text.rt_list_len
                0x00000000080017ce       0x34 .pio\build\genericSTM32F103RC\src\Middlewares\Third_Party\RealThread_RTOS_RT-Thread\components\finsh\cmd.o
 *fill*         0x0000000008001802        0x2 
 .text.hello    0x0000000008001804       0x14 .pio\build\genericSTM32F103RC\src\Middlewares\Third_Party\RealThread_RTOS_RT-Thread\components\finsh\cmd.o
                0x0000000008001804                hello
 .text.version  0x0000000008001818        0xe .pio\build\genericSTM32F103RC\src\Middlewares\Third_Party\RealThread_RTOS_RT-Thread\components\finsh\cmd.o
                0x0000000008001818                version
 *fill*         0x0000000008001826        0x2 
 .text.object_split
                0x0000000008001828       0x28 .pio\build\genericSTM32F103RC\src\Middlewares\Third_Party\RealThread_RTOS_RT-Thread\components\finsh\cmd.o
 .text.list_find_init
                0x0000000008001850       0x46 .pio\build\genericSTM32F103RC\src\Middlewares\Third_Party\RealThread_RTOS_RT-Thread\components\finsh\cmd.o
 .text.list_get_next
                0x0000000008001896       0xc6 .pio\build\genericSTM32F103RC\src\Middlewares\Third_Party\RealThread_RTOS_RT-Thread\components\finsh\cmd.o
 .text.list_thread
                0x000000000800195c      0x208 .pio\build\genericSTM32F103RC\src\Middlewares\Third_Party\RealThread_RTOS_RT-Thread\components\finsh\cmd.o
                0x000000000800195c                list_thread
 .text.show_wait_queue
                0x0000000008001b64       0x50 .pio\build\genericSTM32F103RC\src\Middlewares\Third_Party\RealThread_RTOS_RT-Thread\components\finsh\cmd.o
 .text.list_sem
                0x0000000008001bb4      0x12c .pio\build\genericSTM32F103RC\src\Middlewares\Third_Party\RealThread_RTOS_RT-Thread\components\finsh\cmd.o
                0x0000000008001bb4                list_sem
 .text.list_msgqueue
                0x0000000008001ce0      0x12c .pio\build\genericSTM32F103RC\src\Middlewares\Third_Party\RealThread_RTOS_RT-Thread\components\finsh\cmd.o
                0x0000000008001ce0                list_msgqueue
 .text.list_timer
                0x0000000008001e0c      0x108 .pio\build\genericSTM32F103RC\src\Middlewares\Third_Party\RealThread_RTOS_RT-Thread\components\finsh\cmd.o
                0x0000000008001e0c                list_timer
 .text.list     0x0000000008001f14       0x68 .pio\build\genericSTM32F103RC\src\Middlewares\Third_Party\RealThread_RTOS_RT-Thread\components\finsh\cmd.o
                0x0000000008001f14                list
 .text.msh_is_used
                0x0000000008001f7c        0xe .pio\build\genericSTM32F103RC\src\Middlewares\Third_Party\RealThread_RTOS_RT-Thread\components\finsh\msh.o
                0x0000000008001f7c                msh_is_used
 *fill*         0x0000000008001f8a        0x2 
 .text.msh_help
                0x0000000008001f8c       0x78 .pio\build\genericSTM32F103RC\src\Middlewares\Third_Party\RealThread_RTOS_RT-Thread\components\finsh\msh.o
                0x0000000008001f8c                msh_help
 .text.cmd_ps   0x0000000008002004       0x18 .pio\build\genericSTM32F103RC\src\Middlewares\Third_Party\RealThread_RTOS_RT-Thread\components\finsh\msh.o
                0x0000000008002004                cmd_ps
 .text.msh_split
                0x000000000800201c      0x170 .pio\build\genericSTM32F103RC\src\Middlewares\Third_Party\RealThread_RTOS_RT-Thread\components\finsh\msh.o
 .text.msh_get_cmd
                0x000000000800218c       0x80 .pio\build\genericSTM32F103RC\src\Middlewares\Third_Party\RealThread_RTOS_RT-Thread\components\finsh\msh.o
 .text._msh_exec_cmd
                0x000000000800220c       0xa2 .pio\build\genericSTM32F103RC\src\Middlewares\Third_Party\RealThread_RTOS_RT-Thread\components\finsh\msh.o
 *fill*         0x00000000080022ae        0x2 
 .text.msh_exec
                0x00000000080022b0       0x84 .pio\build\genericSTM32F103RC\src\Middlewares\Third_Party\RealThread_RTOS_RT-Thread\components\finsh\msh.o
                0x00000000080022b0                msh_exec
 .text.str_common
                0x0000000008002334       0x48 .pio\build\genericSTM32F103RC\src\Middlewares\Third_Party\RealThread_RTOS_RT-Thread\components\finsh\msh.o
 .text.msh_auto_complete
                0x000000000800237c       0xd0 .pio\build\genericSTM32F103RC\src\Middlewares\Third_Party\RealThread_RTOS_RT-Thread\components\finsh\msh.o
                0x000000000800237c                msh_auto_complete
 .text.finsh_get_prompt
                0x000000000800244c       0xa0 .pio\build\genericSTM32F103RC\src\Middlewares\Third_Party\RealThread_RTOS_RT-Thread\components\finsh\shell.o
                0x000000000800244c                finsh_get_prompt
 .text.finsh_set_prompt_mode
                0x00000000080024ec       0x30 .pio\build\genericSTM32F103RC\src\Middlewares\Third_Party\RealThread_RTOS_RT-Thread\components\finsh\shell.o
                0x00000000080024ec                finsh_set_prompt_mode
 .text.finsh_getchar
                0x000000000800251c        0xe .pio\build\genericSTM32F103RC\src\Middlewares\Third_Party\RealThread_RTOS_RT-Thread\components\finsh\shell.o
 *fill*         0x000000000800252a        0x2 
 .text.shell_auto_complete
                0x000000000800252c       0x40 .pio\build\genericSTM32F103RC\src\Middlewares\Third_Party\RealThread_RTOS_RT-Thread\components\finsh\shell.o
 .text.finsh_thread_entry
                0x000000000800256c      0x488 .pio\build\genericSTM32F103RC\src\Middlewares\Third_Party\RealThread_RTOS_RT-Thread\components\finsh\shell.o
                0x000000000800256c                finsh_thread_entry
 .text.finsh_system_function_init
                0x00000000080029f4       0x28 .pio\build\genericSTM32F103RC\src\Middlewares\Third_Party\RealThread_RTOS_RT-Thread\components\finsh\shell.o
                0x00000000080029f4                finsh_system_function_init
 .text.finsh_system_var_init
                0x0000000008002a1c       0x28 .pio\build\genericSTM32F103RC\src\Middlewares\Third_Party\RealThread_RTOS_RT-Thread\components\finsh\shell.o
                0x0000000008002a1c                finsh_system_var_init
 .text.finsh_system_init
                0x0000000008002a44       0xa4 .pio\build\genericSTM32F103RC\src\Middlewares\Third_Party\RealThread_RTOS_RT-Thread\components\finsh\shell.o
                0x0000000008002a44                finsh_system_init
 .text.rt_hw_stack_init
                0x0000000008002ae8       0x88 .pio\build\genericSTM32F103RC\src\Middlewares\Third_Party\RealThread_RTOS_RT-Thread\libcpu\arm\cortex-m3\cpuport.o
                0x0000000008002ae8                rt_hw_stack_init
 .text.usage_fault_track
                0x0000000008002b70       0xc4 .pio\build\genericSTM32F103RC\src\Middlewares\Third_Party\RealThread_RTOS_RT-Thread\libcpu\arm\cortex-m3\cpuport.o
 .text.bus_fault_track
                0x0000000008002c34       0xcc .pio\build\genericSTM32F103RC\src\Middlewares\Third_Party\RealThread_RTOS_RT-Thread\libcpu\arm\cortex-m3\cpuport.o
 .text.mem_manage_fault_track
                0x0000000008002d00       0xb4 .pio\build\genericSTM32F103RC\src\Middlewares\Third_Party\RealThread_RTOS_RT-Thread\libcpu\arm\cortex-m3\cpuport.o
 .text.hard_fault_track
                0x0000000008002db4       0x78 .pio\build\genericSTM32F103RC\src\Middlewares\Third_Party\RealThread_RTOS_RT-Thread\libcpu\arm\cortex-m3\cpuport.o
 .text.rt_hw_hard_fault_exception
                0x0000000008002e2c      0x168 .pio\build\genericSTM32F103RC\src\Middlewares\Third_Party\RealThread_RTOS_RT-Thread\libcpu\arm\cortex-m3\cpuport.o
                0x0000000008002e2c                rt_hw_hard_fault_exception
 .text.rt_tick_get
                0x0000000008002f94       0x14 .pio\build\genericSTM32F103RC\src\Middlewares\Third_Party\RealThread_RTOS_RT-Thread\src\clock.o
                0x0000000008002f94                rt_tick_get
 .text.rt_tick_increase
                0x0000000008002fa8       0x44 .pio\build\genericSTM32F103RC\src\Middlewares\Third_Party\RealThread_RTOS_RT-Thread\src\clock.o
                0x0000000008002fa8                rt_tick_increase
 .text.rt_tick_from_millisecond
                0x0000000008002fec       0x78 .pio\build\genericSTM32F103RC\src\Middlewares\Third_Party\RealThread_RTOS_RT-Thread\src\clock.o
                0x0000000008002fec                rt_tick_from_millisecond
 .text.rti_start
                0x0000000008003064        0xe .pio\build\genericSTM32F103RC\src\Middlewares\Third_Party\RealThread_RTOS_RT-Thread\src\components.o
 .text.rti_board_start
                0x0000000008003072        0xe .pio\build\genericSTM32F103RC\src\Middlewares\Third_Party\RealThread_RTOS_RT-Thread\src\components.o
 .text.rti_board_end
                0x0000000008003080        0xe .pio\build\genericSTM32F103RC\src\Middlewares\Third_Party\RealThread_RTOS_RT-Thread\src\components.o
 .text.rti_end  0x000000000800308e        0xe .pio\build\genericSTM32F103RC\src\Middlewares\Third_Party\RealThread_RTOS_RT-Thread\src\components.o
 .text.rt_components_board_init
                0x000000000800309c       0x34 .pio\build\genericSTM32F103RC\src\Middlewares\Third_Party\RealThread_RTOS_RT-Thread\src\components.o
                0x000000000800309c                rt_components_board_init
 .text.rt_components_init
                0x00000000080030d0       0x34 .pio\build\genericSTM32F103RC\src\Middlewares\Third_Party\RealThread_RTOS_RT-Thread\src\components.o
                0x00000000080030d0                rt_components_init
 .text.entry    0x0000000008003104        0xe .pio\build\genericSTM32F103RC\src\Middlewares\Third_Party\RealThread_RTOS_RT-Thread\src\components.o
                0x0000000008003104                entry
 .text.main_thread_entry
                0x0000000008003112       0x18 .pio\build\genericSTM32F103RC\src\Middlewares\Third_Party\RealThread_RTOS_RT-Thread\src\components.o
                0x0000000008003112                main_thread_entry
 *fill*         0x000000000800312a        0x2 
 .text.rt_application_init
                0x000000000800312c       0x48 .pio\build\genericSTM32F103RC\src\Middlewares\Third_Party\RealThread_RTOS_RT-Thread\src\components.o
                0x000000000800312c                rt_application_init
 .text.rtthread_startup
                0x0000000008003174       0x2e .pio\build\genericSTM32F103RC\src\Middlewares\Third_Party\RealThread_RTOS_RT-Thread\src\components.o
                0x0000000008003174                rtthread_startup
 .text.rt_list_remove
                0x00000000080031a2       0x34 .pio\build\genericSTM32F103RC\src\Middlewares\Third_Party\RealThread_RTOS_RT-Thread\src\idle.o
 *fill*         0x00000000080031d6        0x2 
 .text._has_defunct_thread
                0x00000000080031d8       0x28 .pio\build\genericSTM32F103RC\src\Middlewares\Third_Party\RealThread_RTOS_RT-Thread\src\idle.o
 .text.rt_thread_idle_excute
                0x0000000008003200       0x84 .pio\build\genericSTM32F103RC\src\Middlewares\Third_Party\RealThread_RTOS_RT-Thread\src\idle.o
                0x0000000008003200                rt_thread_idle_excute
 .text.rt_thread_idle_entry
                0x0000000008003284        0xe .pio\build\genericSTM32F103RC\src\Middlewares\Third_Party\RealThread_RTOS_RT-Thread\src\idle.o
 *fill*         0x0000000008003292        0x2 
 .text.rt_thread_idle_init
                0x0000000008003294       0x40 .pio\build\genericSTM32F103RC\src\Middlewares\Third_Party\RealThread_RTOS_RT-Thread\src\idle.o
                0x0000000008003294                rt_thread_idle_init
 .text.rt_list_init
                0x00000000080032d4       0x20 .pio\build\genericSTM32F103RC\src\Middlewares\Third_Party\RealThread_RTOS_RT-Thread\src\ipc.o
 .text.rt_list_insert_before
                0x00000000080032f4       0x30 .pio\build\genericSTM32F103RC\src\Middlewares\Third_Party\RealThread_RTOS_RT-Thread\src\ipc.o
 .text.rt_list_isempty
                0x0000000008003324       0x22 .pio\build\genericSTM32F103RC\src\Middlewares\Third_Party\RealThread_RTOS_RT-Thread\src\ipc.o
 .text.rt_ipc_object_init
                0x0000000008003346       0x1c .pio\build\genericSTM32F103RC\src\Middlewares\Third_Party\RealThread_RTOS_RT-Thread\src\ipc.o
 .text.rt_ipc_list_suspend
                0x0000000008003362       0x8e .pio\build\genericSTM32F103RC\src\Middlewares\Third_Party\RealThread_RTOS_RT-Thread\src\ipc.o
 .text.rt_ipc_list_resume
                0x00000000080033f0       0x20 .pio\build\genericSTM32F103RC\src\Middlewares\Third_Party\RealThread_RTOS_RT-Thread\src\ipc.o
 .text.rt_sem_init
                0x0000000008003410       0x3a .pio\build\genericSTM32F103RC\src\Middlewares\Third_Party\RealThread_RTOS_RT-Thread\src\ipc.o
                0x0000000008003410                rt_sem_init
 .text.rt_mq_init
                0x000000000800344a       0xa6 .pio\build\genericSTM32F103RC\src\Middlewares\Third_Party\RealThread_RTOS_RT-Thread\src\ipc.o
                0x000000000800344a                rt_mq_init
 .text.rt_mq_send
                0x00000000080034f0       0xd8 .pio\build\genericSTM32F103RC\src\Middlewares\Third_Party\RealThread_RTOS_RT-Thread\src\ipc.o
                0x00000000080034f0                rt_mq_send
 .text.rt_mq_recv
                0x00000000080035c8      0x158 .pio\build\genericSTM32F103RC\src\Middlewares\Third_Party\RealThread_RTOS_RT-Thread\src\ipc.o
                0x00000000080035c8                rt_mq_recv
 .text.rt_interrupt_enter
                0x0000000008003720       0x2c .pio\build\genericSTM32F103RC\src\Middlewares\Third_Party\RealThread_RTOS_RT-Thread\src\irq.o
                0x0000000008003720                rt_interrupt_enter
 .text.rt_interrupt_leave
                0x000000000800374c       0x2c .pio\build\genericSTM32F103RC\src\Middlewares\Third_Party\RealThread_RTOS_RT-Thread\src\irq.o
                0x000000000800374c                rt_interrupt_leave
 .text.rt_memset
                0x0000000008003778       0xb4 .pio\build\genericSTM32F103RC\src\Middlewares\Third_Party\RealThread_RTOS_RT-Thread\src\kservice.o
                0x0000000008003778                rt_memset
 .text.rt_memcpy
                0x000000000800382c       0xd0 .pio\build\genericSTM32F103RC\src\Middlewares\Third_Party\RealThread_RTOS_RT-Thread\src\kservice.o
                0x000000000800382c                rt_memcpy
 .text.rt_memmove
                0x00000000080038fc       0x80 .pio\build\genericSTM32F103RC\src\Middlewares\Third_Party\RealThread_RTOS_RT-Thread\src\kservice.o
                0x00000000080038fc                rt_memmove
 .text.rt_strncpy
                0x000000000800397c       0x62 .pio\build\genericSTM32F103RC\src\Middlewares\Third_Party\RealThread_RTOS_RT-Thread\src\kservice.o
                0x000000000800397c                rt_strncpy
 .text.rt_strlen
                0x00000000080039de       0x2c .pio\build\genericSTM32F103RC\src\Middlewares\Third_Party\RealThread_RTOS_RT-Thread\src\kservice.o
                0x00000000080039de                rt_strlen
 *fill*         0x0000000008003a0a        0x2 
 .text.rt_show_version
                0x0000000008003a0c       0x44 .pio\build\genericSTM32F103RC\src\Middlewares\Third_Party\RealThread_RTOS_RT-Thread\src\kservice.o
                0x0000000008003a0c                rt_show_version
 .text.divide   0x0000000008003a50       0x68 .pio\build\genericSTM32F103RC\src\Middlewares\Third_Party\RealThread_RTOS_RT-Thread\src\kservice.o
 .text.skip_atoi
                0x0000000008003ab8       0x40 .pio\build\genericSTM32F103RC\src\Middlewares\Third_Party\RealThread_RTOS_RT-Thread\src\kservice.o
 .text.print_number
                0x0000000008003af8      0x1dc .pio\build\genericSTM32F103RC\src\Middlewares\Third_Party\RealThread_RTOS_RT-Thread\src\kservice.o
 .text.rt_vsnprintf
                0x0000000008003cd4      0x494 .pio\build\genericSTM32F103RC\src\Middlewares\Third_Party\RealThread_RTOS_RT-Thread\src\kservice.o
                0x0000000008003cd4                rt_vsnprintf
 .text.rt_kprintf
                0x0000000008004168       0x40 .pio\build\genericSTM32F103RC\src\Middlewares\Third_Party\RealThread_RTOS_RT-Thread\src\kservice.o
                0x0000000008004168                rt_kprintf
 .text.__rt_ffs
                0x00000000080041a8       0x70 .pio\build\genericSTM32F103RC\src\Middlewares\Third_Party\RealThread_RTOS_RT-Thread\src\kservice.o
                0x00000000080041a8                __rt_ffs
 .text.rt_list_insert_after
                0x0000000008004218       0x30 .pio\build\genericSTM32F103RC\src\Middlewares\Third_Party\RealThread_RTOS_RT-Thread\src\object.o
 .text.rt_list_remove
                0x0000000008004248       0x34 .pio\build\genericSTM32F103RC\src\Middlewares\Third_Party\RealThread_RTOS_RT-Thread\src\object.o
 .text.rt_object_get_information
                0x000000000800427c       0x48 .pio\build\genericSTM32F103RC\src\Middlewares\Third_Party\RealThread_RTOS_RT-Thread\src\object.o
                0x000000000800427c                rt_object_get_information
 .text.rt_object_init
                0x00000000080042c4       0x7e .pio\build\genericSTM32F103RC\src\Middlewares\Third_Party\RealThread_RTOS_RT-Thread\src\object.o
                0x00000000080042c4                rt_object_init
 .text.rt_object_detach
                0x0000000008004342       0x2c .pio\build\genericSTM32F103RC\src\Middlewares\Third_Party\RealThread_RTOS_RT-Thread\src\object.o
                0x0000000008004342                rt_object_detach
 .text.rt_object_is_systemobject
                0x000000000800436e       0x22 .pio\build\genericSTM32F103RC\src\Middlewares\Third_Party\RealThread_RTOS_RT-Thread\src\object.o
                0x000000000800436e                rt_object_is_systemobject
 .text.rt_list_init
                0x0000000008004390       0x20 .pio\build\genericSTM32F103RC\src\Middlewares\Third_Party\RealThread_RTOS_RT-Thread\src\scheduler.o
 .text.rt_list_insert_before
                0x00000000080043b0       0x30 .pio\build\genericSTM32F103RC\src\Middlewares\Third_Party\RealThread_RTOS_RT-Thread\src\scheduler.o
 .text.rt_list_remove
                0x00000000080043e0       0x34 .pio\build\genericSTM32F103RC\src\Middlewares\Third_Party\RealThread_RTOS_RT-Thread\src\scheduler.o
 .text.rt_list_isempty
                0x0000000008004414       0x22 .pio\build\genericSTM32F103RC\src\Middlewares\Third_Party\RealThread_RTOS_RT-Thread\src\scheduler.o
 *fill*         0x0000000008004436        0x2 
 .text.rt_system_scheduler_init
                0x0000000008004438       0x54 .pio\build\genericSTM32F103RC\src\Middlewares\Third_Party\RealThread_RTOS_RT-Thread\src\scheduler.o
                0x0000000008004438                rt_system_scheduler_init
 .text.rt_system_scheduler_start
                0x000000000800448c       0x3c .pio\build\genericSTM32F103RC\src\Middlewares\Third_Party\RealThread_RTOS_RT-Thread\src\scheduler.o
                0x000000000800448c                rt_system_scheduler_start
 .text.rt_schedule
                0x00000000080044c8       0xa8 .pio\build\genericSTM32F103RC\src\Middlewares\Third_Party\RealThread_RTOS_RT-Thread\src\scheduler.o
                0x00000000080044c8                rt_schedule
 .text.rt_schedule_insert_thread
                0x0000000008004570       0x68 .pio\build\genericSTM32F103RC\src\Middlewares\Third_Party\RealThread_RTOS_RT-Thread\src\scheduler.o
                0x0000000008004570                rt_schedule_insert_thread
 .text.rt_schedule_remove_thread
                0x00000000080045d8       0x58 .pio\build\genericSTM32F103RC\src\Middlewares\Third_Party\RealThread_RTOS_RT-Thread\src\scheduler.o
                0x00000000080045d8                rt_schedule_remove_thread
 .text.rt_enter_critical
                0x0000000008004630       0x2c .pio\build\genericSTM32F103RC\src\Middlewares\Third_Party\RealThread_RTOS_RT-Thread\src\scheduler.o
                0x0000000008004630                rt_enter_critical
 .text.rt_exit_critical
                0x000000000800465c       0x54 .pio\build\genericSTM32F103RC\src\Middlewares\Third_Party\RealThread_RTOS_RT-Thread\src\scheduler.o
                0x000000000800465c                rt_exit_critical
 .text.rt_list_init
                0x00000000080046b0       0x20 .pio\build\genericSTM32F103RC\src\Middlewares\Third_Party\RealThread_RTOS_RT-Thread\src\thread.o
 .text.rt_list_insert_after
                0x00000000080046d0       0x30 .pio\build\genericSTM32F103RC\src\Middlewares\Third_Party\RealThread_RTOS_RT-Thread\src\thread.o
 .text.rt_list_insert_before
                0x0000000008004700       0x30 .pio\build\genericSTM32F103RC\src\Middlewares\Third_Party\RealThread_RTOS_RT-Thread\src\thread.o
 .text.rt_list_remove
                0x0000000008004730       0x34 .pio\build\genericSTM32F103RC\src\Middlewares\Third_Party\RealThread_RTOS_RT-Thread\src\thread.o
 .text.rt_thread_exit
                0x0000000008004764       0x6c .pio\build\genericSTM32F103RC\src\Middlewares\Third_Party\RealThread_RTOS_RT-Thread\src\thread.o
                0x0000000008004764                rt_thread_exit
 .text._rt_thread_init
                0x00000000080047d0       0xcc .pio\build\genericSTM32F103RC\src\Middlewares\Third_Party\RealThread_RTOS_RT-Thread\src\thread.o
 .text.rt_thread_init
                0x000000000800489c       0x40 .pio\build\genericSTM32F103RC\src\Middlewares\Third_Party\RealThread_RTOS_RT-Thread\src\thread.o
                0x000000000800489c                rt_thread_init
 .text.rt_thread_self
                0x00000000080048dc       0x14 .pio\build\genericSTM32F103RC\src\Middlewares\Third_Party\RealThread_RTOS_RT-Thread\src\thread.o
                0x00000000080048dc                rt_thread_self
 .text.rt_thread_startup
                0x00000000080048f0       0x4c .pio\build\genericSTM32F103RC\src\Middlewares\Third_Party\RealThread_RTOS_RT-Thread\src\thread.o
                0x00000000080048f0                rt_thread_startup
 .text.rt_thread_yield
                0x000000000800493c       0x74 .pio\build\genericSTM32F103RC\src\Middlewares\Third_Party\RealThread_RTOS_RT-Thread\src\thread.o
                0x000000000800493c                rt_thread_yield
 .text.rt_thread_sleep
                0x00000000080049b0       0x5c .pio\build\genericSTM32F103RC\src\Middlewares\Third_Party\RealThread_RTOS_RT-Thread\src\thread.o
                0x00000000080049b0                rt_thread_sleep
 .text.rt_thread_mdelay
                0x0000000008004a0c       0x20 .pio\build\genericSTM32F103RC\src\Middlewares\Third_Party\RealThread_RTOS_RT-Thread\src\thread.o
                0x0000000008004a0c                rt_thread_mdelay
 .text.rt_thread_suspend
                0x0000000008004a2c       0x5e .pio\build\genericSTM32F103RC\src\Middlewares\Third_Party\RealThread_RTOS_RT-Thread\src\thread.o
                0x0000000008004a2c                rt_thread_suspend
 .text.rt_thread_resume
                0x0000000008004a8a       0x4c .pio\build\genericSTM32F103RC\src\Middlewares\Third_Party\RealThread_RTOS_RT-Thread\src\thread.o
                0x0000000008004a8a                rt_thread_resume
 .text.rt_thread_timeout
                0x0000000008004ad6       0x30 .pio\build\genericSTM32F103RC\src\Middlewares\Third_Party\RealThread_RTOS_RT-Thread\src\thread.o
                0x0000000008004ad6                rt_thread_timeout
 .text.rt_list_init
                0x0000000008004b06       0x20 .pio\build\genericSTM32F103RC\src\Middlewares\Third_Party\RealThread_RTOS_RT-Thread\src\timer.o
 .text.rt_list_insert_after
                0x0000000008004b26       0x30 .pio\build\genericSTM32F103RC\src\Middlewares\Third_Party\RealThread_RTOS_RT-Thread\src\timer.o
 .text.rt_list_remove
                0x0000000008004b56       0x34 .pio\build\genericSTM32F103RC\src\Middlewares\Third_Party\RealThread_RTOS_RT-Thread\src\timer.o
 .text.rt_list_isempty
                0x0000000008004b8a       0x22 .pio\build\genericSTM32F103RC\src\Middlewares\Third_Party\RealThread_RTOS_RT-Thread\src\timer.o
 .text._rt_timer_init
                0x0000000008004bac       0x6a .pio\build\genericSTM32F103RC\src\Middlewares\Third_Party\RealThread_RTOS_RT-Thread\src\timer.o
 .text._rt_timer_remove
                0x0000000008004c16       0x36 .pio\build\genericSTM32F103RC\src\Middlewares\Third_Party\RealThread_RTOS_RT-Thread\src\timer.o
 .text.rt_timer_init
                0x0000000008004c4c       0x30 .pio\build\genericSTM32F103RC\src\Middlewares\Third_Party\RealThread_RTOS_RT-Thread\src\timer.o
                0x0000000008004c4c                rt_timer_init
 .text.rt_timer_detach
                0x0000000008004c7c       0x2a .pio\build\genericSTM32F103RC\src\Middlewares\Third_Party\RealThread_RTOS_RT-Thread\src\timer.o
                0x0000000008004c7c                rt_timer_detach
 *fill*         0x0000000008004ca6        0x2 
 .text.rt_timer_start
                0x0000000008004ca8      0x190 .pio\build\genericSTM32F103RC\src\Middlewares\Third_Party\RealThread_RTOS_RT-Thread\src\timer.o
                0x0000000008004ca8                rt_timer_start
 .text.rt_timer_stop
                0x0000000008004e38       0x44 .pio\build\genericSTM32F103RC\src\Middlewares\Third_Party\RealThread_RTOS_RT-Thread\src\timer.o
                0x0000000008004e38                rt_timer_stop
 .text.rt_timer_control
                0x0000000008004e7c       0x68 .pio\build\genericSTM32F103RC\src\Middlewares\Third_Party\RealThread_RTOS_RT-Thread\src\timer.o
                0x0000000008004e7c                rt_timer_control
 .text.rt_timer_check
                0x0000000008004ee4       0xa4 .pio\build\genericSTM32F103RC\src\Middlewares\Third_Party\RealThread_RTOS_RT-Thread\src\timer.o
                0x0000000008004ee4                rt_timer_check
 .text.rt_system_timer_init
                0x0000000008004f88       0x34 .pio\build\genericSTM32F103RC\src\Middlewares\Third_Party\RealThread_RTOS_RT-Thread\src\timer.o
                0x0000000008004f88                rt_system_timer_init
 .text.rt_system_timer_thread_init
                0x0000000008004fbc        0xc .pio\build\genericSTM32F103RC\src\Middlewares\Third_Party\RealThread_RTOS_RT-Thread\src\timer.o
                0x0000000008004fbc                rt_system_timer_thread_init
 .text.main     0x0000000008004fc8       0x18 .pio\build\genericSTM32F103RC\src\src\main.o
                0x0000000008004fc8                main
 .text.SystemClock_Config
                0x0000000008004fe0       0x8a .pio\build\genericSTM32F103RC\src\src\main.o
                0x0000000008004fe0                SystemClock_Config
 *fill*         0x000000000800506a        0x2 
 .text.MX_USART1_UART_Init
                0x000000000800506c       0x54 .pio\build\genericSTM32F103RC\src\src\main.o
                0x000000000800506c                MX_USART1_UART_Init
 .text.MX_GPIO_Init
                0x00000000080050c0       0x5c .pio\build\genericSTM32F103RC\src\src\main.o
                0x00000000080050c0                MX_GPIO_Init
 .text.Error_Handler
                0x000000000800511c        0xc .pio\build\genericSTM32F103RC\src\src\main.o
                0x000000000800511c                Error_Handler
 .text.HAL_MspInit
                0x0000000008005128       0x64 .pio\build\genericSTM32F103RC\src\src\stm32f1xx_hal_msp.o
                0x0000000008005128                HAL_MspInit
 .text.HAL_UART_MspInit
                0x000000000800518c       0xa8 .pio\build\genericSTM32F103RC\src\src\stm32f1xx_hal_msp.o
                0x000000000800518c                HAL_UART_MspInit
 .text.NMI_Handler
                0x0000000008005234        0xc .pio\build\genericSTM32F103RC\src\src\stm32f1xx_it.o
                0x0000000008005234                NMI_Handler
 .text.MemManage_Handler
                0x0000000008005240        0x6 .pio\build\genericSTM32F103RC\src\src\stm32f1xx_it.o
                0x0000000008005240                MemManage_Handler
 .text.BusFault_Handler
                0x0000000008005246        0x6 .pio\build\genericSTM32F103RC\src\src\stm32f1xx_it.o
                0x0000000008005246                BusFault_Handler
 .text.UsageFault_Handler
                0x000000000800524c        0x6 .pio\build\genericSTM32F103RC\src\src\stm32f1xx_it.o
                0x000000000800524c                UsageFault_Handler
 .text.SVC_Handler
                0x0000000008005252        0xc .pio\build\genericSTM32F103RC\src\src\stm32f1xx_it.o
                0x0000000008005252                SVC_Handler
 .text.DebugMon_Handler
                0x000000000800525e        0xc .pio\build\genericSTM32F103RC\src\src\stm32f1xx_it.o
                0x000000000800525e                DebugMon_Handler
 *fill*         0x000000000800526a        0x2 
 .text.USART1_IRQHandler
                0x000000000800526c       0x3c .pio\build\genericSTM32F103RC\src\src\stm32f1xx_it.o
                0x000000000800526c                USART1_IRQHandler
 .text.SystemInit
                0x00000000080052a8       0x68 .pio\build\genericSTM32F103RC\src\src\system_stm32f1xx.o
                0x00000000080052a8                SystemInit
 .text.SystemCoreClockUpdate
                0x0000000008005310       0xe4 .pio\build\genericSTM32F103RC\src\src\system_stm32f1xx.o
                0x0000000008005310                SystemCoreClockUpdate
 .text.Reset_Handler
                0x00000000080053f4       0x48 .pio\build\genericSTM32F103RC\src\startup_stm32f103xe.o
                0x00000000080053f4                Reset_Handler
 .text.Default_Handler
                0x000000000800543c        0x2 .pio\build\genericSTM32F103RC\src\startup_stm32f103xe.o
                0x000000000800543c                RTC_Alarm_IRQHandler
                0x000000000800543c                EXTI2_IRQHandler
                0x000000000800543c                TIM8_TRG_COM_IRQHandler
                0x000000000800543c                TIM8_CC_IRQHandler
                0x000000000800543c                TIM1_CC_IRQHandler
                0x000000000800543c                TIM6_IRQHandler
                0x000000000800543c                PVD_IRQHandler
                0x000000000800543c                SDIO_IRQHandler
                0x000000000800543c                EXTI3_IRQHandler
                0x000000000800543c                EXTI0_IRQHandler
                0x000000000800543c                I2C2_EV_IRQHandler
                0x000000000800543c                ADC1_2_IRQHandler
                0x000000000800543c                SPI1_IRQHandler
                0x000000000800543c                TAMPER_IRQHandler
                0x000000000800543c                TIM8_UP_IRQHandler
                0x000000000800543c                DMA2_Channel2_IRQHandler
                0x000000000800543c                DMA1_Channel4_IRQHandler
                0x000000000800543c                USART3_IRQHandler
                0x000000000800543c                RTC_IRQHandler
                0x000000000800543c                DMA1_Channel7_IRQHandler
                0x000000000800543c                CAN1_RX1_IRQHandler
                0x000000000800543c                UART5_IRQHandler
                0x000000000800543c                ADC3_IRQHandler
                0x000000000800543c                TIM4_IRQHandler
                0x000000000800543c                DMA2_Channel1_IRQHandler
                0x000000000800543c                I2C1_EV_IRQHandler
                0x000000000800543c                DMA1_Channel6_IRQHandler
                0x000000000800543c                UART4_IRQHandler
                0x000000000800543c                TIM3_IRQHandler
                0x000000000800543c                RCC_IRQHandler
                0x000000000800543c                TIM1_TRG_COM_IRQHandler
                0x000000000800543c                DMA1_Channel1_IRQHandler
                0x000000000800543c                Default_Handler
                0x000000000800543c                EXTI15_10_IRQHandler
                0x000000000800543c                TIM7_IRQHandler
                0x000000000800543c                TIM5_IRQHandler
                0x000000000800543c                EXTI9_5_IRQHandler
                0x000000000800543c                SPI2_IRQHandler
                0x000000000800543c                DMA1_Channel5_IRQHandler
                0x000000000800543c                EXTI4_IRQHandler
                0x000000000800543c                USB_LP_CAN1_RX0_IRQHandler
                0x000000000800543c                USB_HP_CAN1_TX_IRQHandler
                0x000000000800543c                DMA1_Channel3_IRQHandler
                0x000000000800543c                FSMC_IRQHandler
                0x000000000800543c                TIM1_UP_IRQHandler
                0x000000000800543c                WWDG_IRQHandler
                0x000000000800543c                TIM2_IRQHandler
                0x000000000800543c                TIM1_BRK_IRQHandler
                0x000000000800543c                EXTI1_IRQHandler
                0x000000000800543c                DMA2_Channel4_5_IRQHandler
                0x000000000800543c                USART2_IRQHandler
                0x000000000800543c                I2C2_ER_IRQHandler
                0x000000000800543c                DMA1_Channel2_IRQHandler
                0x000000000800543c                TIM8_BRK_IRQHandler
                0x000000000800543c                CAN1_SCE_IRQHandler
                0x000000000800543c                FLASH_IRQHandler
                0x000000000800543c                SPI3_IRQHandler
                0x000000000800543c                I2C1_ER_IRQHandler
                0x000000000800543c                USBWakeUp_IRQHandler
                0x000000000800543c                DMA2_Channel3_IRQHandler
 *fill*         0x000000000800543e        0x2 
 .text.__libc_init_array
                0x0000000008005440       0x48 c:/.platformio/packages/toolchain-gccarmnoneeabi/bin/../lib/gcc/arm-none-eabi/9.2.1/../../../../arm-none-eabi/lib/thumb/v7-m/nofp\libc.a(lib_a-init.o)
                0x0000000008005440                __libc_init_array
 .text.memset   0x0000000008005488       0xa0 c:/.platformio/packages/toolchain-gccarmnoneeabi/bin/../lib/gcc/arm-none-eabi/9.2.1/../../../../arm-none-eabi/lib/thumb/v7-m/nofp\libc.a(lib_a-memset.o)
                0x0000000008005488                memset
 .text.strlen   0x0000000008005528       0x5c c:/.platformio/packages/toolchain-gccarmnoneeabi/bin/../lib/gcc/arm-none-eabi/9.2.1/../../../../arm-none-eabi/lib/thumb/v7-m/nofp\libc.a(lib_a-strlen-stub.o)
                0x0000000008005528                strlen
 .text.strncmp  0x0000000008005584       0x7c c:/.platformio/packages/toolchain-gccarmnoneeabi/bin/../lib/gcc/arm-none-eabi/9.2.1/../../../../arm-none-eabi/lib/thumb/v7-m/nofp\libc.a(lib_a-strncmp.o)
                0x0000000008005584                strncmp
 .text.strncpy  0x0000000008005600       0x68 c:/.platformio/packages/toolchain-gccarmnoneeabi/bin/../lib/gcc/arm-none-eabi/9.2.1/../../../../arm-none-eabi/lib/thumb/v7-m/nofp\libc.a(lib_a-strncpy.o)
                0x0000000008005600                strncpy
 .text.startup.register_fini
                0x0000000008005668       0x14 c:/.platformio/packages/toolchain-gccarmnoneeabi/bin/../lib/gcc/arm-none-eabi/9.2.1/../../../../arm-none-eabi/lib/thumb/v7-m/nofp\libc.a(lib_a-__call_atexit.o)
 .text.atexit   0x000000000800567c        0xc c:/.platformio/packages/toolchain-gccarmnoneeabi/bin/../lib/gcc/arm-none-eabi/9.2.1/../../../../arm-none-eabi/lib/thumb/v7-m/nofp\libc.a(lib_a-atexit.o)
                0x000000000800567c                atexit
 .text.__libc_fini_array
                0x0000000008005688       0x2c c:/.platformio/packages/toolchain-gccarmnoneeabi/bin/../lib/gcc/arm-none-eabi/9.2.1/../../../../arm-none-eabi/lib/thumb/v7-m/nofp\libc.a(lib_a-fini.o)
                0x0000000008005688                __libc_fini_array
 .text.__retarget_lock_acquire_recursive
                0x00000000080056b4        0x4 c:/.platformio/packages/toolchain-gccarmnoneeabi/bin/../lib/gcc/arm-none-eabi/9.2.1/../../../../arm-none-eabi/lib/thumb/v7-m/nofp\libc.a(lib_a-lock.o)
                0x00000000080056b4                __retarget_lock_acquire_recursive
 .text.__retarget_lock_release_recursive
                0x00000000080056b8        0x4 c:/.platformio/packages/toolchain-gccarmnoneeabi/bin/../lib/gcc/arm-none-eabi/9.2.1/../../../../arm-none-eabi/lib/thumb/v7-m/nofp\libc.a(lib_a-lock.o)
                0x00000000080056b8                __retarget_lock_release_recursive
 .text.__register_exitproc
                0x00000000080056bc       0x8c c:/.platformio/packages/toolchain-gccarmnoneeabi/bin/../lib/gcc/arm-none-eabi/9.2.1/../../../../arm-none-eabi/lib/thumb/v7-m/nofp\libc.a(lib_a-__atexit.o)
                0x00000000080056bc                __register_exitproc
 *(.glue_7)
 .glue_7        0x0000000008005748        0x0 linker stubs
 *(.glue_7t)
 .glue_7t       0x0000000008005748        0x0 linker stubs
 *(.eh_frame)
 .eh_frame      0x0000000008005748        0x0 c:/.platformio/packages/toolchain-gccarmnoneeabi/bin/../lib/gcc/arm-none-eabi/9.2.1/thumb/v7-m/nofp/crtbegin.o
                0x0000000008005748                . = ALIGN (0x4)
                0x0000000008005748                __fsymtab_start = .
 *(FSymTab)
 FSymTab        0x0000000008005748       0x60 .pio\build\genericSTM32F103RC\src\Middlewares\Third_Party\RealThread_RTOS_RT-Thread\components\finsh\cmd.o
                0x0000000008005748                __fsym_hello
                0x0000000008005750                __fsym_version
                0x0000000008005758                __fsym___cmd_version
                0x0000000008005760                __fsym_list_thread
                0x0000000008005768                __fsym___cmd_list_thread
                0x0000000008005770                __fsym_list_sem
                0x0000000008005778                __fsym___cmd_list_sem
                0x0000000008005780                __fsym_list_msgqueue
                0x0000000008005788                __fsym___cmd_list_msgqueue
                0x0000000008005790                __fsym_list_timer
                0x0000000008005798                __fsym___cmd_list_timer
                0x00000000080057a0                __fsym_list
 FSymTab        0x00000000080057a8       0x10 .pio\build\genericSTM32F103RC\src\Middlewares\Third_Party\RealThread_RTOS_RT-Thread\components\finsh\msh.o
                0x00000000080057a8                __fsym___cmd_help
                0x00000000080057b0                __fsym___cmd_ps
                0x00000000080057b8                __fsymtab_end = .
                0x00000000080057b8                . = ALIGN (0x4)
                0x00000000080057b8                __vsymtab_start = .
 *(VSymTab)
                0x00000000080057b8                __vsymtab_end = .
                0x00000000080057b8                . = ALIGN (0x4)
                0x00000000080057b8                __rt_init_start = .
 *(SORT_BY_NAME(.rti_fn*))
 .rti_fn.0      0x00000000080057b8        0x4 .pio\build\genericSTM32F103RC\src\Middlewares\Third_Party\RealThread_RTOS_RT-Thread\src\components.o
                0x00000000080057b8                __rt_init_rti_start
 .rti_fn.0.end  0x00000000080057bc        0x4 .pio\build\genericSTM32F103RC\src\Middlewares\Third_Party\RealThread_RTOS_RT-Thread\src\components.o
                0x00000000080057bc                __rt_init_rti_board_start
 .rti_fn.1.end  0x00000000080057c0        0x4 .pio\build\genericSTM32F103RC\src\Middlewares\Third_Party\RealThread_RTOS_RT-Thread\src\components.o
                0x00000000080057c0                __rt_init_rti_board_end
 .rti_fn.6      0x00000000080057c4        0x4 .pio\build\genericSTM32F103RC\src\Middlewares\Third_Party\RealThread_RTOS_RT-Thread\components\finsh\shell.o
                0x00000000080057c4                __rt_init_finsh_system_init
 .rti_fn.6.end  0x00000000080057c8        0x4 .pio\build\genericSTM32F103RC\src\Middlewares\Third_Party\RealThread_RTOS_RT-Thread\src\components.o
                0x00000000080057c8                __rt_init_rti_end
                0x00000000080057cc                __rt_init_end = .
 *(.init)
 .init          0x00000000080057cc        0x4 c:/.platformio/packages/toolchain-gccarmnoneeabi/bin/../lib/gcc/arm-none-eabi/9.2.1/thumb/v7-m/nofp/crti.o
                0x00000000080057cc                _init
 .init          0x00000000080057d0        0x8 c:/.platformio/packages/toolchain-gccarmnoneeabi/bin/../lib/gcc/arm-none-eabi/9.2.1/thumb/v7-m/nofp/crtn.o
 *(.fini)
 .fini          0x00000000080057d8        0x4 c:/.platformio/packages/toolchain-gccarmnoneeabi/bin/../lib/gcc/arm-none-eabi/9.2.1/thumb/v7-m/nofp/crti.o
                0x00000000080057d8                _fini
 .fini          0x00000000080057dc        0x8 c:/.platformio/packages/toolchain-gccarmnoneeabi/bin/../lib/gcc/arm-none-eabi/9.2.1/thumb/v7-m/nofp/crtn.o
                0x00000000080057e4                . = ALIGN (0x4)
                0x00000000080057e4                _etext = .

.vfp11_veneer   0x00000000080057e4        0x0
 .vfp11_veneer  0x00000000080057e4        0x0 linker stubs

.v4_bx          0x00000000080057e4        0x0
 .v4_bx         0x00000000080057e4        0x0 linker stubs

.iplt           0x00000000080057e4        0x0
 .iplt          0x00000000080057e4        0x0 c:/.platformio/packages/toolchain-gccarmnoneeabi/bin/../lib/gcc/arm-none-eabi/9.2.1/thumb/v7-m/nofp/crtbegin.o

.rodata         0x00000000080057e4      0x8e8
                0x00000000080057e4                . = ALIGN (0x4)
 *(.rodata)
 .rodata        0x00000000080057e4       0x10 .pio\build\genericSTM32F103RC\src\Drivers\STM32F1xx_HAL_Driver\Src\stm32f1xx_hal_rcc.o
 .rodata        0x00000000080057f4        0xf .pio\build\genericSTM32F103RC\src\Middlewares\Third_Party\RealThread_RTOS_RT-Thread\bsp\board.o
 *fill*         0x0000000008005803        0x1 
 .rodata        0x0000000008005804      0x2a4 .pio\build\genericSTM32F103RC\src\Middlewares\Third_Party\RealThread_RTOS_RT-Thread\components\finsh\cmd.o
 .rodata        0x0000000008005aa8       0x68 .pio\build\genericSTM32F103RC\src\Middlewares\Third_Party\RealThread_RTOS_RT-Thread\components\finsh\msh.o
 .rodata        0x0000000008005b10       0x45 .pio\build\genericSTM32F103RC\src\Middlewares\Third_Party\RealThread_RTOS_RT-Thread\components\finsh\shell.o
 *fill*         0x0000000008005b55        0x3 
 .rodata        0x0000000008005b58      0x2b9 .pio\build\genericSTM32F103RC\src\Middlewares\Third_Party\RealThread_RTOS_RT-Thread\libcpu\arm\cortex-m3\cpuport.o
 *fill*         0x0000000008005e11        0x3 
 .rodata        0x0000000008005e14        0x5 .pio\build\genericSTM32F103RC\src\Middlewares\Third_Party\RealThread_RTOS_RT-Thread\src\components.o
 *fill*         0x0000000008005e19        0x3 
 .rodata        0x0000000008005e1c        0x6 .pio\build\genericSTM32F103RC\src\Middlewares\Third_Party\RealThread_RTOS_RT-Thread\src\idle.o
 *fill*         0x0000000008005e22        0x2 
 .rodata        0x0000000008005e24       0x8f .pio\build\genericSTM32F103RC\src\Middlewares\Third_Party\RealThread_RTOS_RT-Thread\src\kservice.o
 *fill*         0x0000000008005eb3        0x1 
 .rodata        0x0000000008005eb4       0x14 .pio\build\genericSTM32F103RC\src\src\main.o
 *(.rodata*)
 .rodata.__fsym_hello_name
                0x0000000008005ec8        0x6 .pio\build\genericSTM32F103RC\src\Middlewares\Third_Party\RealThread_RTOS_RT-Thread\components\finsh\cmd.o
                0x0000000008005ec8                __fsym_hello_name
 *fill*         0x0000000008005ece        0x2 
 .rodata.__fsym_version_name
                0x0000000008005ed0        0x8 .pio\build\genericSTM32F103RC\src\Middlewares\Third_Party\RealThread_RTOS_RT-Thread\components\finsh\cmd.o
                0x0000000008005ed0                __fsym_version_name
 .rodata.__fsym___cmd_version_name
                0x0000000008005ed8        0xe .pio\build\genericSTM32F103RC\src\Middlewares\Third_Party\RealThread_RTOS_RT-Thread\components\finsh\cmd.o
                0x0000000008005ed8                __fsym___cmd_version_name
 *fill*         0x0000000008005ee6        0x2 
 .rodata.__fsym_list_thread_name
                0x0000000008005ee8        0xc .pio\build\genericSTM32F103RC\src\Middlewares\Third_Party\RealThread_RTOS_RT-Thread\components\finsh\cmd.o
                0x0000000008005ee8                __fsym_list_thread_name
 .rodata.__fsym___cmd_list_thread_name
                0x0000000008005ef4       0x12 .pio\build\genericSTM32F103RC\src\Middlewares\Third_Party\RealThread_RTOS_RT-Thread\components\finsh\cmd.o
                0x0000000008005ef4                __fsym___cmd_list_thread_name
 *fill*         0x0000000008005f06        0x2 
 .rodata.__fsym_list_sem_name
                0x0000000008005f08        0x9 .pio\build\genericSTM32F103RC\src\Middlewares\Third_Party\RealThread_RTOS_RT-Thread\components\finsh\cmd.o
                0x0000000008005f08                __fsym_list_sem_name
 *fill*         0x0000000008005f11        0x3 
 .rodata.__fsym___cmd_list_sem_name
                0x0000000008005f14        0xf .pio\build\genericSTM32F103RC\src\Middlewares\Third_Party\RealThread_RTOS_RT-Thread\components\finsh\cmd.o
                0x0000000008005f14                __fsym___cmd_list_sem_name
 *fill*         0x0000000008005f23        0x1 
 .rodata.__fsym_list_msgqueue_name
                0x0000000008005f24        0xe .pio\build\genericSTM32F103RC\src\Middlewares\Third_Party\RealThread_RTOS_RT-Thread\components\finsh\cmd.o
                0x0000000008005f24                __fsym_list_msgqueue_name
 *fill*         0x0000000008005f32        0x2 
 .rodata.__fsym___cmd_list_msgqueue_name
                0x0000000008005f34       0x14 .pio\build\genericSTM32F103RC\src\Middlewares\Third_Party\RealThread_RTOS_RT-Thread\components\finsh\cmd.o
                0x0000000008005f34                __fsym___cmd_list_msgqueue_name
 .rodata.__fsym_list_timer_name
                0x0000000008005f48        0xb .pio\build\genericSTM32F103RC\src\Middlewares\Third_Party\RealThread_RTOS_RT-Thread\components\finsh\cmd.o
                0x0000000008005f48                __fsym_list_timer_name
 *fill*         0x0000000008005f53        0x1 
 .rodata.__fsym___cmd_list_timer_name
                0x0000000008005f54       0x11 .pio\build\genericSTM32F103RC\src\Middlewares\Third_Party\RealThread_RTOS_RT-Thread\components\finsh\cmd.o
                0x0000000008005f54                __fsym___cmd_list_timer_name
 *fill*         0x0000000008005f65        0x3 
 .rodata.__fsym_list_name
                0x0000000008005f68        0x5 .pio\build\genericSTM32F103RC\src\Middlewares\Third_Party\RealThread_RTOS_RT-Thread\components\finsh\cmd.o
                0x0000000008005f68                __fsym_list_name
 *fill*         0x0000000008005f6d        0x3 
 .rodata.__fsym___cmd_help_name
                0x0000000008005f70        0xb .pio\build\genericSTM32F103RC\src\Middlewares\Third_Party\RealThread_RTOS_RT-Thread\components\finsh\msh.o
                0x0000000008005f70                __fsym___cmd_help_name
 *fill*         0x0000000008005f7b        0x1 
 .rodata.__fsym___cmd_ps_name
                0x0000000008005f7c        0x9 .pio\build\genericSTM32F103RC\src\Middlewares\Third_Party\RealThread_RTOS_RT-Thread\components\finsh\msh.o
                0x0000000008005f7c                __fsym___cmd_ps_name
 *fill*         0x0000000008005f85        0x3 
 .rodata.__lowest_bit_bitmap
                0x0000000008005f88      0x100 .pio\build\genericSTM32F103RC\src\Middlewares\Third_Party\RealThread_RTOS_RT-Thread\src\kservice.o
                0x0000000008005f88                __lowest_bit_bitmap
 .rodata.large_digits.4839
                0x0000000008006088       0x11 .pio\build\genericSTM32F103RC\src\Middlewares\Third_Party\RealThread_RTOS_RT-Thread\src\kservice.o
 *fill*         0x0000000008006099        0x3 
 .rodata.small_digits.4838
                0x000000000800609c       0x11 .pio\build\genericSTM32F103RC\src\Middlewares\Third_Party\RealThread_RTOS_RT-Thread\src\kservice.o
 *fill*         0x00000000080060ad        0x3 
 .rodata.AHBPrescTable
                0x00000000080060b0       0x10 .pio\build\genericSTM32F103RC\src\src\system_stm32f1xx.o
                0x00000000080060b0                AHBPrescTable
 .rodata.APBPrescTable
                0x00000000080060c0        0x8 .pio\build\genericSTM32F103RC\src\src\system_stm32f1xx.o
                0x00000000080060c0                APBPrescTable
 .rodata._global_impure_ptr
                0x00000000080060c8        0x4 c:/.platformio/packages/toolchain-gccarmnoneeabi/bin/../lib/gcc/arm-none-eabi/9.2.1/../../../../arm-none-eabi/lib/thumb/v7-m/nofp\libc.a(lib_a-impure.o)
                0x00000000080060c8                _global_impure_ptr
                0x00000000080060cc                . = ALIGN (0x4)

.rel.dyn        0x00000000080060cc        0x0
 .rel.iplt      0x00000000080060cc        0x0 c:/.platformio/packages/toolchain-gccarmnoneeabi/bin/../lib/gcc/arm-none-eabi/9.2.1/thumb/v7-m/nofp/crtbegin.o

.ARM.extab
 *(.ARM.extab* .gnu.linkonce.armextab.*)

.ARM            0x00000000080060cc        0x0
                0x00000000080060cc                __exidx_start = .
 *(.ARM.exidx*)
                0x00000000080060cc                __exidx_end = .

.preinit_array  0x00000000080060cc        0x0
                0x00000000080060cc                PROVIDE (__preinit_array_start = .)
 *(.preinit_array*)
                0x00000000080060cc                PROVIDE (__preinit_array_end = .)

.init_array     0x00000000080060cc        0x8
                0x00000000080060cc                PROVIDE (__init_array_start = .)
 *(SORT_BY_NAME(.init_array.*))
 .init_array.00000
                0x00000000080060cc        0x4 c:/.platformio/packages/toolchain-gccarmnoneeabi/bin/../lib/gcc/arm-none-eabi/9.2.1/../../../../arm-none-eabi/lib/thumb/v7-m/nofp\libc.a(lib_a-__call_atexit.o)
 *(.init_array*)
 .init_array    0x00000000080060d0        0x4 c:/.platformio/packages/toolchain-gccarmnoneeabi/bin/../lib/gcc/arm-none-eabi/9.2.1/thumb/v7-m/nofp/crtbegin.o
                0x00000000080060d4                PROVIDE (__init_array_end = .)

.fini_array     0x00000000080060d4        0x4
                0x00000000080060d4                PROVIDE (__fini_array_start = .)
 *(SORT_BY_NAME(.fini_array.*))
 *(.fini_array*)
 .fini_array    0x00000000080060d4        0x4 c:/.platformio/packages/toolchain-gccarmnoneeabi/bin/../lib/gcc/arm-none-eabi/9.2.1/thumb/v7-m/nofp/crtbegin.o
                0x00000000080060d8                PROVIDE (__fini_array_end = .)
                0x00000000080060d8                _sidata = LOADADDR (.data)

.data           0x0000000020000000      0x47c load address 0x00000000080060d8
                0x0000000020000000                . = ALIGN (0x4)
                0x0000000020000000                _sdata = .
 *(.data)
 *(.data*)
 .data.uwTickPrio
                0x0000000020000000        0x4 .pio\build\genericSTM32F103RC\src\Drivers\STM32F1xx_HAL_Driver\Src\stm32f1xx_hal.o
                0x0000000020000000                uwTickPrio
 .data.uwTickFreq
                0x0000000020000004        0x1 .pio\build\genericSTM32F103RC\src\Drivers\STM32F1xx_HAL_Driver\Src\stm32f1xx_hal.o
                0x0000000020000004                uwTickFreq
 *fill*         0x0000000020000005        0x3 
 .data.rt_object_container
                0x0000000020000008       0x40 .pio\build\genericSTM32F103RC\src\Middlewares\Third_Party\RealThread_RTOS_RT-Thread\src\object.o
 .data.SystemCoreClock
                0x0000000020000048        0x4 .pio\build\genericSTM32F103RC\src\src\system_stm32f1xx.o
                0x0000000020000048                SystemCoreClock
 *fill*         0x000000002000004c        0x4 
 .data.impure_data
                0x0000000020000050      0x428 c:/.platformio/packages/toolchain-gccarmnoneeabi/bin/../lib/gcc/arm-none-eabi/9.2.1/../../../../arm-none-eabi/lib/thumb/v7-m/nofp\libc.a(lib_a-impure.o)
 .data.__atexit_recursive_mutex
                0x0000000020000478        0x4 c:/.platformio/packages/toolchain-gccarmnoneeabi/bin/../lib/gcc/arm-none-eabi/9.2.1/../../../../arm-none-eabi/lib/thumb/v7-m/nofp\libc.a(lib_a-__call_atexit.o)
                0x0000000020000478                __atexit_recursive_mutex
                0x000000002000047c                . = ALIGN (0x4)
                0x000000002000047c                _edata = .

.igot.plt       0x000000002000047c        0x0 load address 0x0000000008006554
 .igot.plt      0x000000002000047c        0x0 c:/.platformio/packages/toolchain-gccarmnoneeabi/bin/../lib/gcc/arm-none-eabi/9.2.1/thumb/v7-m/nofp/crtbegin.o
                0x000000002000047c                . = ALIGN (0x4)

.bss            0x0000000020000480      0xc74 load address 0x0000000008006554
                0x0000000020000480                _sbss = .
                0x0000000020000480                __bss_start__ = _sbss
 *(.bss)
 *(.bss*)
 .bss.completed.8911
                0x0000000020000480        0x1 c:/.platformio/packages/toolchain-gccarmnoneeabi/bin/../lib/gcc/arm-none-eabi/9.2.1/thumb/v7-m/nofp/crtbegin.o
 *fill*         0x0000000020000481        0x3 
 .bss.object.8916
                0x0000000020000484       0x18 c:/.platformio/packages/toolchain-gccarmnoneeabi/bin/../lib/gcc/arm-none-eabi/9.2.1/thumb/v7-m/nofp/crtbegin.o
 .bss.consoleInputBuffer
                0x000000002000049c      0x100 .pio\build\genericSTM32F103RC\src\Middlewares\Third_Party\RealThread_RTOS_RT-Thread\bsp\board.o
 .bss.finsh_thread
                0x000000002000059c       0x78 .pio\build\genericSTM32F103RC\src\Middlewares\Third_Party\RealThread_RTOS_RT-Thread\components\finsh\shell.o
 .bss.finsh_thread_stack
                0x0000000020000614      0x200 .pio\build\genericSTM32F103RC\src\Middlewares\Third_Party\RealThread_RTOS_RT-Thread\components\finsh\shell.o
 .bss._syscall_table_begin
                0x0000000020000814        0x4 .pio\build\genericSTM32F103RC\src\Middlewares\Third_Party\RealThread_RTOS_RT-Thread\components\finsh\shell.o
                0x0000000020000814                _syscall_table_begin
 .bss._syscall_table_end
                0x0000000020000818        0x4 .pio\build\genericSTM32F103RC\src\Middlewares\Third_Party\RealThread_RTOS_RT-Thread\components\finsh\shell.o
                0x0000000020000818                _syscall_table_end
 .bss._sysvar_table_begin
                0x000000002000081c        0x4 .pio\build\genericSTM32F103RC\src\Middlewares\Third_Party\RealThread_RTOS_RT-Thread\components\finsh\shell.o
                0x000000002000081c                _sysvar_table_begin
 .bss._sysvar_table_end
                0x0000000020000820        0x4 .pio\build\genericSTM32F103RC\src\Middlewares\Third_Party\RealThread_RTOS_RT-Thread\components\finsh\shell.o
                0x0000000020000820                _sysvar_table_end
 .bss.finsh_prompt_custom
                0x0000000020000824        0x4 .pio\build\genericSTM32F103RC\src\Middlewares\Third_Party\RealThread_RTOS_RT-Thread\components\finsh\shell.o
 .bss.finsh_prompt.6582
                0x0000000020000828       0x81 .pio\build\genericSTM32F103RC\src\Middlewares\Third_Party\RealThread_RTOS_RT-Thread\components\finsh\shell.o
 *fill*         0x00000000200008a9        0x3 
 .bss.rt_exception_hook
                0x00000000200008ac        0x4 .pio\build\genericSTM32F103RC\src\Middlewares\Third_Party\RealThread_RTOS_RT-Thread\libcpu\arm\cortex-m3\cpuport.o
 .bss.rt_tick   0x00000000200008b0        0x4 .pio\build\genericSTM32F103RC\src\Middlewares\Third_Party\RealThread_RTOS_RT-Thread\src\clock.o
 *fill*         0x00000000200008b4        0x4 
 .bss.main_stack
                0x00000000200008b8      0x400 .pio\build\genericSTM32F103RC\src\Middlewares\Third_Party\RealThread_RTOS_RT-Thread\src\components.o
 .bss.idle      0x0000000020000cb8       0x78 .pio\build\genericSTM32F103RC\src\Middlewares\Third_Party\RealThread_RTOS_RT-Thread\src\idle.o
 .bss.rt_thread_stack
                0x0000000020000d30       0x80 .pio\build\genericSTM32F103RC\src\Middlewares\Third_Party\RealThread_RTOS_RT-Thread\src\idle.o
 .bss.rt_log_buf.4940
                0x0000000020000db0       0x80 .pio\build\genericSTM32F103RC\src\Middlewares\Third_Party\RealThread_RTOS_RT-Thread\src\kservice.o
 .bss.rt_scheduler_lock_nest
                0x0000000020000e30        0x2 .pio\build\genericSTM32F103RC\src\Middlewares\Third_Party\RealThread_RTOS_RT-Thread\src\scheduler.o
 *fill*         0x0000000020000e32        0x2 
 .bss.rt_timer_list
                0x0000000020000e34        0x8 .pio\build\genericSTM32F103RC\src\Middlewares\Third_Party\RealThread_RTOS_RT-Thread\src\timer.o
 .bss.random_nr.4716
                0x0000000020000e3c        0x4 .pio\build\genericSTM32F103RC\src\Middlewares\Third_Party\RealThread_RTOS_RT-Thread\src\timer.o
 *(COMMON)
 COMMON         0x0000000020000e40        0x4 .pio\build\genericSTM32F103RC\src\Drivers\STM32F1xx_HAL_Driver\Src\stm32f1xx_hal.o
                0x0000000020000e40                uwTick
 COMMON         0x0000000020000e44       0x34 .pio\build\genericSTM32F103RC\src\Middlewares\Third_Party\RealThread_RTOS_RT-Thread\bsp\board.o
                0x0000000020000e44                consoleInputMQ
 COMMON         0x0000000020000e78       0x7c .pio\build\genericSTM32F103RC\src\Middlewares\Third_Party\RealThread_RTOS_RT-Thread\components\finsh\shell.o
                0x0000000020000e78                _shell
                0x0000000020000ef0                shell
 COMMON         0x0000000020000ef4        0xc .pio\build\genericSTM32F103RC\src\Middlewares\Third_Party\RealThread_RTOS_RT-Thread\libcpu\arm\cortex-m3\cpuport.o
                0x0000000020000ef4                rt_interrupt_to_thread
                0x0000000020000ef8                rt_interrupt_from_thread
                0x0000000020000efc                rt_thread_switch_interrupt_flag
 COMMON         0x0000000020000f00       0x78 .pio\build\genericSTM32F103RC\src\Middlewares\Third_Party\RealThread_RTOS_RT-Thread\src\components.o
                0x0000000020000f00                main_thread
 COMMON         0x0000000020000f78        0x1 .pio\build\genericSTM32F103RC\src\Middlewares\Third_Party\RealThread_RTOS_RT-Thread\src\irq.o
                0x0000000020000f78                rt_interrupt_nest
 *fill*         0x0000000020000f79        0x3 
 COMMON         0x0000000020000f7c      0x114 .pio\build\genericSTM32F103RC\src\Middlewares\Third_Party\RealThread_RTOS_RT-Thread\src\scheduler.o
                0x0000000020000f7c                rt_thread_priority_table
                0x000000002000107c                rt_current_priority
                0x0000000020001080                rt_current_thread
                0x0000000020001084                rt_thread_ready_priority_group
                0x0000000020001088                rt_thread_defunct
 COMMON         0x0000000020001090       0x40 .pio\build\genericSTM32F103RC\src\src\main.o
                0x0000000020001090                huart1
 COMMON         0x00000000200010d0       0x21 c:/.platformio/packages/toolchain-gccarmnoneeabi/bin/../lib/gcc/arm-none-eabi/9.2.1/../../../../arm-none-eabi/lib/thumb/v7-m/nofp\libc.a(lib_a-lock.o)
                0x00000000200010d0                __lock___atexit_recursive_mutex
                0x00000000200010d4                __lock___arc4random_mutex
                0x00000000200010d8                __lock___env_recursive_mutex
                0x00000000200010dc                __lock___sinit_recursive_mutex
                0x00000000200010e0                __lock___malloc_recursive_mutex
                0x00000000200010e4                __lock___at_quick_exit_mutex
                0x00000000200010e8                __lock___dd_hash_mutex
                0x00000000200010ec                __lock___tz_mutex
                0x00000000200010f0                __lock___sfp_recursive_mutex
                0x00000000200010f4                . = ALIGN (0x4)
 *fill*         0x00000000200010f1        0x3 
                0x00000000200010f4                _ebss = .
                0x00000000200010f4                __bss_end__ = _ebss

._user_heap_stack
                0x00000000200010f4      0x604 load address 0x0000000008006554
                0x00000000200010f8                . = ALIGN (0x8)
 *fill*         0x00000000200010f4        0x4 
                [!provide]                        PROVIDE (end = .)
                [!provide]                        PROVIDE (_end = .)
                0x00000000200012f8                . = (. + _Min_Heap_Size)
 *fill*         0x00000000200010f8      0x200 
                0x00000000200016f8                . = (. + _Min_Stack_Size)
 *fill*         0x00000000200012f8      0x400 
                0x00000000200016f8                . = ALIGN (0x8)

/DISCARD/
 libc.a(*)
 libm.a(*)
 libgcc.a(*)

.ARM.attributes
                0x0000000000000000       0x29
 *(.ARM.attributes)
 .ARM.attributes
                0x0000000000000000       0x1d c:/.platformio/packages/toolchain-gccarmnoneeabi/bin/../lib/gcc/arm-none-eabi/9.2.1/thumb/v7-m/nofp/crti.o
 .ARM.attributes
                0x000000000000001d       0x2d c:/.platformio/packages/toolchain-gccarmnoneeabi/bin/../lib/gcc/arm-none-eabi/9.2.1/thumb/v7-m/nofp/crtbegin.o
 .ARM.attributes
                0x000000000000004a       0x2d .pio\build\genericSTM32F103RC\src\Drivers\STM32F1xx_HAL_Driver\Src\stm32f1xx_hal.o
 .ARM.attributes
                0x0000000000000077       0x2d .pio\build\genericSTM32F103RC\src\Drivers\STM32F1xx_HAL_Driver\Src\stm32f1xx_hal_cortex.o
 .ARM.attributes
                0x00000000000000a4       0x2d .pio\build\genericSTM32F103RC\src\Drivers\STM32F1xx_HAL_Driver\Src\stm32f1xx_hal_gpio.o
 .ARM.attributes
                0x00000000000000d1       0x2d .pio\build\genericSTM32F103RC\src\Drivers\STM32F1xx_HAL_Driver\Src\stm32f1xx_hal_rcc.o
 .ARM.attributes
                0x00000000000000fe       0x2d .pio\build\genericSTM32F103RC\src\Drivers\STM32F1xx_HAL_Driver\Src\stm32f1xx_hal_uart.o
 .ARM.attributes
                0x000000000000012b       0x2d .pio\build\genericSTM32F103RC\src\Middlewares\Third_Party\RealThread_RTOS_RT-Thread\bsp\board.o
 .ARM.attributes
                0x0000000000000158       0x2d .pio\build\genericSTM32F103RC\src\Middlewares\Third_Party\RealThread_RTOS_RT-Thread\components\finsh\cmd.o
 .ARM.attributes
                0x0000000000000185       0x2d .pio\build\genericSTM32F103RC\src\Middlewares\Third_Party\RealThread_RTOS_RT-Thread\components\finsh\msh.o
 .ARM.attributes
                0x00000000000001b2       0x2d .pio\build\genericSTM32F103RC\src\Middlewares\Third_Party\RealThread_RTOS_RT-Thread\components\finsh\shell.o
 .ARM.attributes
                0x00000000000001df       0x21 .pio\build\genericSTM32F103RC\src\Middlewares\Third_Party\RealThread_RTOS_RT-Thread\libcpu\arm\cortex-m3\context_gcc.o
 .ARM.attributes
                0x0000000000000200       0x2d .pio\build\genericSTM32F103RC\src\Middlewares\Third_Party\RealThread_RTOS_RT-Thread\libcpu\arm\cortex-m3\cpuport.o
 .ARM.attributes
                0x000000000000022d       0x2d .pio\build\genericSTM32F103RC\src\Middlewares\Third_Party\RealThread_RTOS_RT-Thread\src\clock.o
 .ARM.attributes
                0x000000000000025a       0x2d .pio\build\genericSTM32F103RC\src\Middlewares\Third_Party\RealThread_RTOS_RT-Thread\src\components.o
 .ARM.attributes
                0x0000000000000287       0x2d .pio\build\genericSTM32F103RC\src\Middlewares\Third_Party\RealThread_RTOS_RT-Thread\src\idle.o
 .ARM.attributes
                0x00000000000002b4       0x2d .pio\build\genericSTM32F103RC\src\Middlewares\Third_Party\RealThread_RTOS_RT-Thread\src\ipc.o
 .ARM.attributes
                0x00000000000002e1       0x2d .pio\build\genericSTM32F103RC\src\Middlewares\Third_Party\RealThread_RTOS_RT-Thread\src\irq.o
 .ARM.attributes
                0x000000000000030e       0x2d .pio\build\genericSTM32F103RC\src\Middlewares\Third_Party\RealThread_RTOS_RT-Thread\src\kservice.o
 .ARM.attributes
                0x000000000000033b       0x2d .pio\build\genericSTM32F103RC\src\Middlewares\Third_Party\RealThread_RTOS_RT-Thread\src\object.o
 .ARM.attributes
                0x0000000000000368       0x2d .pio\build\genericSTM32F103RC\src\Middlewares\Third_Party\RealThread_RTOS_RT-Thread\src\scheduler.o
 .ARM.attributes
                0x0000000000000395       0x2d .pio\build\genericSTM32F103RC\src\Middlewares\Third_Party\RealThread_RTOS_RT-Thread\src\thread.o
 .ARM.attributes
                0x00000000000003c2       0x2d .pio\build\genericSTM32F103RC\src\Middlewares\Third_Party\RealThread_RTOS_RT-Thread\src\timer.o
 .ARM.attributes
                0x00000000000003ef       0x2d .pio\build\genericSTM32F103RC\src\src\main.o
 .ARM.attributes
                0x000000000000041c       0x2d .pio\build\genericSTM32F103RC\src\src\stm32f1xx_hal_msp.o
 .ARM.attributes
                0x0000000000000449       0x2d .pio\build\genericSTM32F103RC\src\src\stm32f1xx_it.o
 .ARM.attributes
                0x0000000000000476       0x2d .pio\build\genericSTM32F103RC\src\src\system_stm32f1xx.o
 .ARM.attributes
                0x00000000000004a3       0x21 .pio\build\genericSTM32F103RC\src\startup_stm32f103xe.o
 .ARM.attributes
                0x00000000000004c4       0x2d c:/.platformio/packages/toolchain-gccarmnoneeabi/bin/../lib/gcc/arm-none-eabi/9.2.1/../../../../arm-none-eabi/lib/thumb/v7-m/nofp\libc.a(lib_a-impure.o)
 .ARM.attributes
                0x00000000000004f1       0x2d c:/.platformio/packages/toolchain-gccarmnoneeabi/bin/../lib/gcc/arm-none-eabi/9.2.1/../../../../arm-none-eabi/lib/thumb/v7-m/nofp\libc.a(lib_a-init.o)
 .ARM.attributes
                0x000000000000051e       0x1b c:/.platformio/packages/toolchain-gccarmnoneeabi/bin/../lib/gcc/arm-none-eabi/9.2.1/../../../../arm-none-eabi/lib/thumb/v7-m/nofp\libc.a(lib_a-memcpy.o)
 .ARM.attributes
                0x0000000000000539       0x2d c:/.platformio/packages/toolchain-gccarmnoneeabi/bin/../lib/gcc/arm-none-eabi/9.2.1/../../../../arm-none-eabi/lib/thumb/v7-m/nofp\libc.a(lib_a-memset.o)
 .ARM.attributes
                0x0000000000000566       0x2d c:/.platformio/packages/toolchain-gccarmnoneeabi/bin/../lib/gcc/arm-none-eabi/9.2.1/../../../../arm-none-eabi/lib/thumb/v7-m/nofp\libc.a(lib_a-strlen-stub.o)
 .ARM.attributes
                0x0000000000000593       0x2d c:/.platformio/packages/toolchain-gccarmnoneeabi/bin/../lib/gcc/arm-none-eabi/9.2.1/../../../../arm-none-eabi/lib/thumb/v7-m/nofp\libc.a(lib_a-strncmp.o)
 .ARM.attributes
                0x00000000000005c0       0x2d c:/.platformio/packages/toolchain-gccarmnoneeabi/bin/../lib/gcc/arm-none-eabi/9.2.1/../../../../arm-none-eabi/lib/thumb/v7-m/nofp\libc.a(lib_a-strncpy.o)
 .ARM.attributes
                0x00000000000005ed       0x2d c:/.platformio/packages/toolchain-gccarmnoneeabi/bin/../lib/gcc/arm-none-eabi/9.2.1/../../../../arm-none-eabi/lib/thumb/v7-m/nofp\libc.a(lib_a-__call_atexit.o)
 .ARM.attributes
                0x000000000000061a       0x2d c:/.platformio/packages/toolchain-gccarmnoneeabi/bin/../lib/gcc/arm-none-eabi/9.2.1/../../../../arm-none-eabi/lib/thumb/v7-m/nofp\libc.a(lib_a-atexit.o)
 .ARM.attributes
                0x0000000000000647       0x2d c:/.platformio/packages/toolchain-gccarmnoneeabi/bin/../lib/gcc/arm-none-eabi/9.2.1/../../../../arm-none-eabi/lib/thumb/v7-m/nofp\libc.a(lib_a-fini.o)
 .ARM.attributes
                0x0000000000000674       0x2d c:/.platformio/packages/toolchain-gccarmnoneeabi/bin/../lib/gcc/arm-none-eabi/9.2.1/../../../../arm-none-eabi/lib/thumb/v7-m/nofp\libc.a(lib_a-lock.o)
 .ARM.attributes
                0x00000000000006a1       0x2d c:/.platformio/packages/toolchain-gccarmnoneeabi/bin/../lib/gcc/arm-none-eabi/9.2.1/../../../../arm-none-eabi/lib/thumb/v7-m/nofp\libc.a(lib_a-__atexit.o)
 .ARM.attributes
                0x00000000000006ce       0x1d c:/.platformio/packages/toolchain-gccarmnoneeabi/bin/../lib/gcc/arm-none-eabi/9.2.1/thumb/v7-m/nofp/crtn.o
OUTPUT(.pio\build\genericSTM32F103RC\firmware.elf elf32-littlearm)

.comment        0x0000000000000000       0x66
 .comment       0x0000000000000000       0x66 .pio\build\genericSTM32F103RC\src\Drivers\STM32F1xx_HAL_Driver\Src\stm32f1xx_hal.o
                                         0x67 (size before relaxing)
 .comment       0x0000000000000066       0x67 .pio\build\genericSTM32F103RC\src\Drivers\STM32F1xx_HAL_Driver\Src\stm32f1xx_hal_cortex.o
 .comment       0x0000000000000066       0x67 .pio\build\genericSTM32F103RC\src\Drivers\STM32F1xx_HAL_Driver\Src\stm32f1xx_hal_gpio.o
 .comment       0x0000000000000066       0x67 .pio\build\genericSTM32F103RC\src\Drivers\STM32F1xx_HAL_Driver\Src\stm32f1xx_hal_rcc.o
 .comment       0x0000000000000066       0x67 .pio\build\genericSTM32F103RC\src\Drivers\STM32F1xx_HAL_Driver\Src\stm32f1xx_hal_uart.o
 .comment       0x0000000000000066       0x67 .pio\build\genericSTM32F103RC\src\Middlewares\Third_Party\RealThread_RTOS_RT-Thread\bsp\board.o
 .comment       0x0000000000000066       0x67 .pio\build\genericSTM32F103RC\src\Middlewares\Third_Party\RealThread_RTOS_RT-Thread\components\finsh\cmd.o
 .comment       0x0000000000000066       0x67 .pio\build\genericSTM32F103RC\src\Middlewares\Third_Party\RealThread_RTOS_RT-Thread\components\finsh\msh.o
 .comment       0x0000000000000066       0x67 .pio\build\genericSTM32F103RC\src\Middlewares\Third_Party\RealThread_RTOS_RT-Thread\components\finsh\shell.o
 .comment       0x0000000000000066       0x67 .pio\build\genericSTM32F103RC\src\Middlewares\Third_Party\RealThread_RTOS_RT-Thread\libcpu\arm\cortex-m3\cpuport.o
 .comment       0x0000000000000066       0x67 .pio\build\genericSTM32F103RC\src\Middlewares\Third_Party\RealThread_RTOS_RT-Thread\src\clock.o
 .comment       0x0000000000000066       0x67 .pio\build\genericSTM32F103RC\src\Middlewares\Third_Party\RealThread_RTOS_RT-Thread\src\components.o
 .comment       0x0000000000000066       0x67 .pio\build\genericSTM32F103RC\src\Middlewares\Third_Party\RealThread_RTOS_RT-Thread\src\idle.o
 .comment       0x0000000000000066       0x67 .pio\build\genericSTM32F103RC\src\Middlewares\Third_Party\RealThread_RTOS_RT-Thread\src\ipc.o
 .comment       0x0000000000000066       0x67 .pio\build\genericSTM32F103RC\src\Middlewares\Third_Party\RealThread_RTOS_RT-Thread\src\irq.o
 .comment       0x0000000000000066       0x67 .pio\build\genericSTM32F103RC\src\Middlewares\Third_Party\RealThread_RTOS_RT-Thread\src\kservice.o
 .comment       0x0000000000000066       0x67 .pio\build\genericSTM32F103RC\src\Middlewares\Third_Party\RealThread_RTOS_RT-Thread\src\object.o
 .comment       0x0000000000000066       0x67 .pio\build\genericSTM32F103RC\src\Middlewares\Third_Party\RealThread_RTOS_RT-Thread\src\scheduler.o
 .comment       0x0000000000000066       0x67 .pio\build\genericSTM32F103RC\src\Middlewares\Third_Party\RealThread_RTOS_RT-Thread\src\thread.o
 .comment       0x0000000000000066       0x67 .pio\build\genericSTM32F103RC\src\Middlewares\Third_Party\RealThread_RTOS_RT-Thread\src\timer.o
 .comment       0x0000000000000066       0x67 .pio\build\genericSTM32F103RC\src\src\main.o
 .comment       0x0000000000000066       0x67 .pio\build\genericSTM32F103RC\src\src\stm32f1xx_hal_msp.o
 .comment       0x0000000000000066       0x67 .pio\build\genericSTM32F103RC\src\src\stm32f1xx_it.o
 .comment       0x0000000000000066       0x67 .pio\build\genericSTM32F103RC\src\src\system_stm32f1xx.o

.debug_frame    0x0000000000000000      0x2a8
 .debug_frame   0x0000000000000000       0x2c c:/.platformio/packages/toolchain-gccarmnoneeabi/bin/../lib/gcc/arm-none-eabi/9.2.1/../../../../arm-none-eabi/lib/thumb/v7-m/nofp\libc.a(lib_a-init.o)
 .debug_frame   0x000000000000002c       0x38 c:/.platformio/packages/toolchain-gccarmnoneeabi/bin/../lib/gcc/arm-none-eabi/9.2.1/../../../../arm-none-eabi/lib/thumb/v7-m/nofp\libc.a(lib_a-memset.o)
 .debug_frame   0x0000000000000064       0x20 c:/.platformio/packages/toolchain-gccarmnoneeabi/bin/../lib/gcc/arm-none-eabi/9.2.1/../../../../arm-none-eabi/lib/thumb/v7-m/nofp\libc.a(lib_a-strlen-stub.o)
 .debug_frame   0x0000000000000084       0x58 c:/.platformio/packages/toolchain-gccarmnoneeabi/bin/../lib/gcc/arm-none-eabi/9.2.1/../../../../arm-none-eabi/lib/thumb/v7-m/nofp\libc.a(lib_a-strncmp.o)
 .debug_frame   0x00000000000000dc       0x38 c:/.platformio/packages/toolchain-gccarmnoneeabi/bin/../lib/gcc/arm-none-eabi/9.2.1/../../../../arm-none-eabi/lib/thumb/v7-m/nofp\libc.a(lib_a-strncpy.o)
 .debug_frame   0x0000000000000114       0x5c c:/.platformio/packages/toolchain-gccarmnoneeabi/bin/../lib/gcc/arm-none-eabi/9.2.1/../../../../arm-none-eabi/lib/thumb/v7-m/nofp\libc.a(lib_a-__call_atexit.o)
 .debug_frame   0x0000000000000170       0x20 c:/.platformio/packages/toolchain-gccarmnoneeabi/bin/../lib/gcc/arm-none-eabi/9.2.1/../../../../arm-none-eabi/lib/thumb/v7-m/nofp\libc.a(lib_a-atexit.o)
 .debug_frame   0x0000000000000190       0x34 c:/.platformio/packages/toolchain-gccarmnoneeabi/bin/../lib/gcc/arm-none-eabi/9.2.1/../../../../arm-none-eabi/lib/thumb/v7-m/nofp\libc.a(lib_a-fini.o)
 .debug_frame   0x00000000000001c4       0xb0 c:/.platformio/packages/toolchain-gccarmnoneeabi/bin/../lib/gcc/arm-none-eabi/9.2.1/../../../../arm-none-eabi/lib/thumb/v7-m/nofp\libc.a(lib_a-lock.o)
 .debug_frame   0x0000000000000274       0x34 c:/.platformio/packages/toolchain-gccarmnoneeabi/bin/../lib/gcc/arm-none-eabi/9.2.1/../../../../arm-none-eabi/lib/thumb/v7-m/nofp\libc.a(lib_a-__atexit.o)
